

================================================================
== Vitis HLS Report for 'Mul_Adder_Tree_128_Loop_adder_2_1_proc_16_Pipeline_adder_2_1'
================================================================
* Date:           Fri Dec 19 23:44:10 2025

* Version:        2025.1.1 (Build 6214317 on Sep 11 2025)
* Project:        Hybrid_Model_test
* Solution:       hls (Vivado IP Flow Target)
* Product family: versalhbm
* Target device:  xcv80-lsva4737-2MHP-e-S


================================================================
== Performance Estimates
================================================================
+ Timing: 
    * Summary: 
    +--------+---------+----------+------------+
    |  Clock |  Target | Estimated| Uncertainty|
    +--------+---------+----------+------------+
    |ap_clk  |  5.00 ns|  3.649 ns|     1.35 ns|
    +--------+---------+----------+------------+

+ Latency: 
    * Summary: 
    +---------+---------+----------+----------+-------+-------+------------------------------------------------+
    |  Latency (cycles) |  Latency (absolute) |    Interval   |                    Pipeline                    |
    |   min   |   max   |    min   |    max   |  min  |  max  |                      Type                      |
    +---------+---------+----------+----------+-------+-------+------------------------------------------------+
    |    25095|    25095|  0.125 ms|  0.125 ms|  25089|  25089|  loop auto-rewind stp (delay=0 clock cycles(s))|
    +---------+---------+----------+----------+-------+-------+------------------------------------------------+

    + Detail: 
        * Instance: 
        N/A

        * Loop: 
        +-------------+---------+---------+----------+-----------+-----------+-------+----------+
        |             |  Latency (cycles) | Iteration|  Initiation Interval  |  Trip |          |
        |  Loop Name  |   min   |   max   |  Latency |  achieved |   target  | Count | Pipelined|
        +-------------+---------+---------+----------+-----------+-----------+-------+----------+
        |- adder_2_1  |    25093|    25093|         7|          1|          1|  25088|       yes|
        +-------------+---------+---------+----------+-----------+-----------+-------+----------+



================================================================
== Utilization Estimates
================================================================
* Summary: 
+---------------------+---------+-------+---------+---------+------+
|         Name        | BRAM_18K|  DSP  |    FF   |   LUT   | URAM |
+---------------------+---------+-------+---------+---------+------+
|DSP                  |        -|      -|        -|        -|     -|
|Expression           |        -|      -|        0|     1143|     -|
|FIFO                 |        -|      -|        -|        -|     -|
|Instance             |        -|      0|       40|      326|     -|
|Memory               |        -|      -|        -|        -|     -|
|Multiplexer          |        -|      -|        0|       68|     -|
|Register             |        -|      -|      229|        -|     -|
+---------------------+---------+-------+---------+---------+------+
|Total                |        0|      0|      269|     1537|     0|
+---------------------+---------+-------+---------+---------+------+
|Available SLR        |     2494|   3616|  1716138|   858069|   641|
+---------------------+---------+-------+---------+---------+------+
|Utilization SLR (%)  |        0|      0|       ~0|       ~0|     0|
+---------------------+---------+-------+---------+---------+------+
|Available            |     7482|  10848|  5148416|  2574208|  1925|
+---------------------+---------+-------+---------+---------+------+
|Utilization (%)      |        0|      0|       ~0|       ~0|     0|
+---------------------+---------+-------+---------+---------+------+

+ Detail: 
    * Instance: 
    +------------------------------------+------------------------------+---------+----+----+-----+-----+
    |              Instance              |            Module            | BRAM_18K| DSP| FF | LUT | URAM|
    +------------------------------------+------------------------------+---------+----+----+-----+-----+
    |bitselect_1ns_54ns_6ns_1_1_1_U1284  |bitselect_1ns_54ns_6ns_1_1_1  |        0|   0|   0|   21|    0|
    |bitselect_1ns_54ns_6ns_1_1_1_U1285  |bitselect_1ns_54ns_6ns_1_1_1  |        0|   0|   0|   21|    0|
    |hadd_16ns_16ns_16_3_no_dsp_1_U1282  |hadd_16ns_16ns_16_3_no_dsp_1  |        0|   0|  40|  196|    0|
    |hptodp_16ns_64_1_no_dsp_1_U1283     |hptodp_16ns_64_1_no_dsp_1     |        0|   0|   0|    0|    0|
    |sparsemux_7_2_1_1_1_U1287           |sparsemux_7_2_1_1_1           |        0|   0|   0|    8|    0|
    |sparsemux_7_2_1_1_1_U1288           |sparsemux_7_2_1_1_1           |        0|   0|   0|    8|    0|
    |sparsemux_7_2_1_1_1_U1289           |sparsemux_7_2_1_1_1           |        0|   0|   0|    8|    0|
    |sparsemux_7_2_32_1_1_U1286          |sparsemux_7_2_32_1_1          |        0|   0|   0|   32|    0|
    |sparsemux_7_2_32_1_1_U1290          |sparsemux_7_2_32_1_1          |        0|   0|   0|   32|    0|
    +------------------------------------+------------------------------+---------+----+----+-----+-----+
    |Total                               |                              |        0|   0|  40|  326|    0|
    +------------------------------------+------------------------------+---------+----+----+-----+-----+

    * DSP: 
    N/A

    * Memory: 
    N/A

    * FIFO: 
    N/A

    * Expression: 
    +----------------------------------+----------+----+---+-----+------------+------------+
    |           Variable Name          | Operation| DSP| FF| LUT | Bitwidth P0| Bitwidth P1|
    +----------------------------------+----------+----+---+-----+------------+------------+
    |add_ln182_fu_183_p2               |         +|   0|  0|   22|          22|           1|
    |add_ln195_12_fu_525_p2            |         +|   0|  0|   32|          32|          32|
    |add_ln195_13_fu_390_p2            |         +|   0|  0|   12|          12|          12|
    |add_ln195_14_fu_412_p2            |         +|   0|  0|   12|          12|           5|
    |add_ln195_15_fu_595_p2            |         +|   0|  0|   12|          12|           5|
    |add_ln195_fu_314_p2               |         +|   0|  0|   12|          12|           6|
    |tmp_566_fu_370_p2                 |         +|   0|  0|    6|           6|           6|
    |sub_ln195_5_fu_294_p2             |         -|   0|  0|   12|          11|          12|
    |sub_ln195_6_fu_324_p2             |         -|   0|  0|   11|           5|          11|
    |sub_ln195_fu_274_p2               |         -|   0|  0|   54|           1|          54|
    |Range1_all_ones_2_i_i_fu_742_p2   |       and|   0|  0|    2|           1|           1|
    |Range1_all_zeros_2_i_i_fu_761_p2  |       and|   0|  0|    2|           1|           1|
    |and_ln195_17_fu_672_p2            |       and|   0|  0|    2|           1|           1|
    |and_ln195_20_fu_794_p2            |       and|   0|  0|    2|           1|           1|
    |and_ln195_21_fu_805_p2            |       and|   0|  0|    2|           1|           1|
    |and_ln195_22_fu_879_p2            |       and|   0|  0|    2|           1|           1|
    |and_ln195_23_fu_885_p2            |       and|   0|  0|    2|           1|           1|
    |and_ln195_24_fu_896_p2            |       and|   0|  0|    2|           1|           1|
    |and_ln195_25_fu_551_p2            |       and|   0|  0|    2|           1|           1|
    |and_ln195_26_fu_583_p2            |       and|   0|  0|    2|           1|           1|
    |and_ln195_27_fu_728_p2            |       and|   0|  0|    2|           1|           1|
    |and_ln195_28_fu_826_p2            |       and|   0|  0|    2|           1|           1|
    |and_ln195_29_fu_864_p2            |       and|   0|  0|    2|           1|           1|
    |and_ln195_30_fu_921_p2            |       and|   0|  0|    2|           1|           1|
    |and_ln195_31_fu_927_p2            |       and|   0|  0|    2|           1|           1|
    |carry_1_i_i_fu_589_p2             |       and|   0|  0|    2|           1|           1|
    |lD_0_i_i_fu_450_p2                |       and|   0|  0|    2|           1|           1|
    |neg_src_0_i_i_fu_838_p2           |       and|   0|  0|    2|           1|           1|
    |ashr_ln195_fu_479_p2              |      ashr|   0|  0|  151|          54|          54|
    |icmp_ln182_fu_177_p2              |      icmp|   0|  0|   11|          23|          23|
    |icmp_ln195_32_fu_308_p2           |      icmp|   0|  0|    6|          12|           5|
    |icmp_ln195_33_fu_459_p2           |      icmp|   0|  0|    5|          12|           5|
    |icmp_ln195_34_fu_464_p2           |      icmp|   0|  0|    6|          11|           6|
    |icmp_ln195_35_fu_342_p2           |      icmp|   0|  0|    6|          12|           6|
    |icmp_ln195_36_fu_358_p2           |      icmp|   0|  0|    3|           6|           1|
    |icmp_ln195_37_fu_406_p2           |      icmp|   0|  0|    4|           8|           1|
    |icmp_ln195_38_fu_422_p2           |      icmp|   0|  0|    6|          12|           6|
    |icmp_ln195_39_fu_436_p2           |      icmp|   0|  0|    6|          12|           6|
    |icmp_ln195_40_fu_613_p2           |      icmp|   0|  0|    6|          12|           6|
    |icmp_ln195_41_fu_619_p2           |      icmp|   0|  0|    6|          12|           6|
    |icmp_ln195_42_fu_644_p2           |      icmp|   0|  0|   27|          54|          54|
    |icmp_ln195_43_fu_688_p2           |      icmp|   0|  0|   27|          54|           1|
    |icmp_ln195_44_fu_700_p2           |      icmp|   0|  0|    5|          12|           6|
    |icmp_ln195_45_fu_706_p2           |      icmp|   0|  0|   27|          54|           1|
    |icmp_ln195_fu_288_p2              |      icmp|   0|  0|   31|          63|           1|
    |lshr_ln195_3_fu_638_p2            |      lshr|   0|  0|  151|           2|          54|
    |lshr_ln195_fu_633_p2              |      lshr|   0|  0|  151|          54|          54|
    |Range1_all_zeros_2_i_i_fu_761_p6  |        or|   0|  0|    2|           1|           1|
    |ap_block_pp0_stage0_01001_grp1    |        or|   0|  0|    2|           1|           1|
    |deleted_ones_0_i_i_fu_820_p2      |        or|   0|  0|    2|           1|           1|
    |or_ln195_10_fu_723_p2             |        or|   0|  0|    2|           1|           1|
    |or_ln195_7_fu_790_p2              |        or|   0|  0|    2|           1|           1|
    |or_ln195_8_fu_869_p2              |        or|   0|  0|    2|           1|           1|
    |or_ln195_9_fu_902_p2              |        or|   0|  0|    2|           1|           1|
    |Range2_all_ones_1_i_i_fu_664_p3   |    select|   0|  0|    2|           1|           1|
    |cond189_i_i_fu_799_p3             |    select|   0|  0|    2|           1|           1|
    |cond63_i_i_fu_508_p3              |    select|   0|  0|    2|           1|           1|
    |ref_tmp_i_i_0_i_fu_564_p6         |    select|   0|  0|   29|           1|          32|
    |ref_tmp_i_i_4_i_fu_939_p4         |    select|   0|  0|   30|           1|          31|
    |select_ln195_11_fu_330_p3         |    select|   0|  0|   11|           1|          11|
    |select_ln195_12_fu_488_p3         |    select|   0|  0|   29|           1|          32|
    |select_ln195_14_fu_785_p3         |    select|   0|  0|    2|           1|           1|
    |select_ln195_16_fu_469_p3         |    select|   0|  0|    2|           1|           2|
    |select_ln195_fu_280_p3            |    select|   0|  0|   52|           1|          54|
    |shl_ln195_fu_496_p2               |       shl|   0|  0|   86|          32|          32|
    |ap_enable_pp0                     |       xor|   0|  0|    2|           1|           2|
    |neg_src_0_i_i_fu_838_p4           |       xor|   0|  0|    2|           2|           1|
    |not_icmp_ln195_4135_fu_815_p2     |       xor|   0|  0|    2|           1|           2|
    |xor_ln195_15_fu_683_p2            |       xor|   0|  0|    2|           1|           2|
    |xor_ln195_16_fu_545_p2            |       xor|   0|  0|    2|           1|           2|
    |xor_ln195_19_fu_858_p2            |       xor|   0|  0|    2|           1|           2|
    |xor_ln195_20_fu_874_p2            |       xor|   0|  0|    2|           1|           2|
    |xor_ln195_21_fu_890_p2            |       xor|   0|  0|    2|           2|           1|
    |xor_ln195_22_fu_916_p2            |       xor|   0|  0|    2|           1|           2|
    |xor_ln195_23_fu_608_p2            |       xor|   0|  0|    2|           1|           2|
    |xor_ln195_24_fu_658_p2            |       xor|   0|  0|    2|           1|           2|
    |xor_ln195_25_fu_717_p2            |       xor|   0|  0|    2|           1|           2|
    |xor_ln195_fu_539_p2               |       xor|   0|  0|    2|           1|           2|
    +----------------------------------+----------+----+---+-----+------------+------------+
    |Total                             |          |   0|  0| 1143|         686|         687|
    +----------------------------------+----------+----+---+-----+------------+------------+

    * Multiplexer: 
    +----------------------------+----+-----------+-----+-----------+
    |            Name            | LUT| Input Size| Bits| Total Bits|
    +----------------------------+----+-----------+-----+-----------+
    |adder_tree_output_1_blk_n   |   1|          2|    1|          2|
    |ap_done_int                 |   1|          2|    1|          2|
    |ap_enable_reg_pp0_iter1     |   1|          2|    1|          2|
    |ap_sig_allocacmp_iter_load  |  32|          2|   22|         44|
    |iter_fu_134                 |  32|          2|   22|         44|
    |pass_2_i_blk_n              |   1|          2|    1|          2|
    +----------------------------+----+-----------+-----+-----------+
    |Total                       |  68|         12|   48|         96|
    +----------------------------+----+-----------+-----+-----------+

    * Register: 
    +--------------------------------------+----+----+-----+-----------+
    |                 Name                 | FF | LUT| Bits| Const Bits|
    +--------------------------------------+----+----+-----+-----------+
    |Range1_all_ones_2_i_i_reg_1110        |   1|   0|    1|          0|
    |Range1_all_zeros_2_i_i_reg_1117       |   1|   0|    1|          0|
    |Range2_all_ones_1_i_i_reg_1100        |   1|   0|    1|          0|
    |ap_CS_fsm                             |   1|   0|    1|          0|
    |ap_done_reg                           |   1|   0|    1|          0|
    |ap_enable_reg_pp0_iter1               |   1|   0|    1|          0|
    |ap_enable_reg_pp0_iter2               |   1|   0|    1|          0|
    |ap_enable_reg_pp0_iter3               |   1|   0|    1|          0|
    |ap_enable_reg_pp0_iter4               |   1|   0|    1|          0|
    |ap_enable_reg_pp0_iter5               |   1|   0|    1|          0|
    |ap_enable_reg_pp0_iter6               |   1|   0|    1|          0|
    |ap_loop_exit_ready_pp0_iter1_reg      |   1|   0|    1|          0|
    |ap_loop_exit_ready_pp0_iter2_reg      |   1|   0|    1|          0|
    |ap_loop_exit_ready_pp0_iter3_reg      |   1|   0|    1|          0|
    |ap_loop_exit_ready_pp0_iter4_reg      |   1|   0|    1|          0|
    |ap_loop_exit_ready_pp0_iter5_reg      |   1|   0|    1|          0|
    |carry_1_i_i_reg_1086                  |   1|   0|    1|          0|
    |icmp_ln195_32_reg_1022                |   1|   0|    1|          0|
    |icmp_ln195_35_reg_1040                |   1|   0|    1|          0|
    |icmp_ln195_36_reg_1045                |   1|   0|    1|          0|
    |icmp_ln195_37_reg_1055                |   1|   0|    1|          0|
    |icmp_ln195_37_reg_1055_pp0_iter5_reg  |   1|   0|    1|          0|
    |icmp_ln195_38_reg_1060                |   1|   0|    1|          0|
    |icmp_ln195_38_reg_1060_pp0_iter5_reg  |   1|   0|    1|          0|
    |icmp_ln195_reg_1010                   |   1|   0|    1|          0|
    |icmp_ln195_reg_1010_pp0_iter5_reg     |   1|   0|    1|          0|
    |iter_fu_134                           |  22|   0|   22|          0|
    |lD_0_i_i_reg_1074                     |   1|   0|    1|          0|
    |ref_tmp_i_i_0_i_reg_1081              |  32|   0|   32|          0|
    |select_ln195_11_reg_1027              |  11|   0|   11|          0|
    |select_ln195_reg_1003                 |  54|   0|   54|          0|
    |sub_ln195_5_reg_1016                  |  12|   0|   12|          0|
    |tmp_566_reg_1050                      |   1|   0|    1|          0|
    |tmp_570_reg_1093                      |   1|   0|    1|          0|
    |tmp_571_reg_1067                      |   1|   0|    1|          0|
    |tmp_571_reg_1067_pp0_iter5_reg        |   1|   0|    1|          0|
    |tmp_reg_994                           |   1|   0|    1|          0|
    |tmp_reg_994_pp0_iter5_reg             |   1|   0|    1|          0|
    |trunc_ln185_3_reg_979                 |  16|   0|   16|          0|
    |trunc_ln185_reg_974                   |  16|   0|   16|          0|
    |trunc_ln195_29_reg_1034               |  32|   0|   32|          0|
    |xor_ln195_15_reg_1105                 |   1|   0|    1|          0|
    +--------------------------------------+----+----+-----+-----------+
    |Total                                 | 229|   0|  229|          0|
    +--------------------------------------+----+----+-----+-----------+



================================================================
== Interface
================================================================
* Summary: 
+------------------------------------+-----+-----+------------+--------------------------------------------------------------+--------------+
|              RTL Ports             | Dir | Bits|  Protocol  |                         Source Object                        |    C Type    |
+------------------------------------+-----+-----+------------+--------------------------------------------------------------+--------------+
|ap_clk                              |   in|    1|  ap_ctrl_hs|  Mul_Adder_Tree_128_Loop_adder_2_1_proc.16_Pipeline_adder_2_1|  return value|
|ap_rst                              |   in|    1|  ap_ctrl_hs|  Mul_Adder_Tree_128_Loop_adder_2_1_proc.16_Pipeline_adder_2_1|  return value|
|ap_start                            |   in|    1|  ap_ctrl_hs|  Mul_Adder_Tree_128_Loop_adder_2_1_proc.16_Pipeline_adder_2_1|  return value|
|ap_done                             |  out|    1|  ap_ctrl_hs|  Mul_Adder_Tree_128_Loop_adder_2_1_proc.16_Pipeline_adder_2_1|  return value|
|ap_idle                             |  out|    1|  ap_ctrl_hs|  Mul_Adder_Tree_128_Loop_adder_2_1_proc.16_Pipeline_adder_2_1|  return value|
|ap_ready                            |  out|    1|  ap_ctrl_hs|  Mul_Adder_Tree_128_Loop_adder_2_1_proc.16_Pipeline_adder_2_1|  return value|
|pass_2_i_dout                       |   in|   32|     ap_fifo|                                                      pass_2_i|       pointer|
|pass_2_i_empty_n                    |   in|    1|     ap_fifo|                                                      pass_2_i|       pointer|
|pass_2_i_read                       |  out|    1|     ap_fifo|                                                      pass_2_i|       pointer|
|pass_2_i_num_data_valid             |   in|    3|     ap_fifo|                                                      pass_2_i|       pointer|
|pass_2_i_fifo_cap                   |   in|    3|     ap_fifo|                                                      pass_2_i|       pointer|
|adder_tree_output_1_din             |  out|   32|     ap_fifo|                                           adder_tree_output_1|       pointer|
|adder_tree_output_1_full_n          |   in|    1|     ap_fifo|                                           adder_tree_output_1|       pointer|
|adder_tree_output_1_write           |  out|    1|     ap_fifo|                                           adder_tree_output_1|       pointer|
|adder_tree_output_1_num_data_valid  |   in|   32|     ap_fifo|                                           adder_tree_output_1|       pointer|
|adder_tree_output_1_fifo_cap        |   in|   32|     ap_fifo|                                           adder_tree_output_1|       pointer|
|select_ln59                         |   in|   23|     ap_none|                                                   select_ln59|        scalar|
+------------------------------------+-----+-----+------------+--------------------------------------------------------------+--------------+

