

================================================================
== Vitis HLS Report for 'Mul_Adder_Tree_128_Loop_adder_64_32_proc_11_Pipeline_adder_64_32'
================================================================
* Date:           Fri Dec 19 23:44:09 2025

* Version:        2025.1.1 (Build 6214317 on Sep 11 2025)
* Project:        Hybrid_Model_test
* Solution:       hls (Vivado IP Flow Target)
* Product family: versalhbm
* Target device:  xcv80-lsva4737-2MHP-e-S


================================================================
== Performance Estimates
================================================================
+ Timing: 
    * Summary: 
    +--------+---------+----------+------------+
    |  Clock |  Target | Estimated| Uncertainty|
    +--------+---------+----------+------------+
    |ap_clk  |  5.00 ns|  3.236 ns|     1.35 ns|
    +--------+---------+----------+------------+

+ Latency: 
    * Summary: 
    +---------+---------+----------+----------+-------+-------+------------------------------------------------+
    |  Latency (cycles) |  Latency (absolute) |    Interval   |                    Pipeline                    |
    |   min   |   max   |    min   |    max   |  min  |  max  |                      Type                      |
    +---------+---------+----------+----------+-------+-------+------------------------------------------------+
    |    25093|    25093|  0.125 ms|  0.125 ms|  25089|  25089|  loop auto-rewind stp (delay=0 clock cycles(s))|
    +---------+---------+----------+----------+-------+-------+------------------------------------------------+

    + Detail: 
        * Instance: 
        N/A

        * Loop: 
        +---------------+---------+---------+----------+-----------+-----------+-------+----------+
        |               |  Latency (cycles) | Iteration|  Initiation Interval  |  Trip |          |
        |   Loop Name   |   min   |   max   |  Latency |  achieved |   target  | Count | Pipelined|
        +---------------+---------+---------+----------+-----------+-----------+-------+----------+
        |- adder_64_32  |    25091|    25091|         5|          1|          1|  25088|       yes|
        +---------------+---------+---------+----------+-----------+-----------+-------+----------+



================================================================
== Utilization Estimates
================================================================
* Summary: 
+---------------------+---------+-------+---------+---------+------+
|         Name        | BRAM_18K|  DSP  |    FF   |   LUT   | URAM |
+---------------------+---------+-------+---------+---------+------+
|DSP                  |        -|      -|        -|        -|     -|
|Expression           |        -|      -|        0|       37|     -|
|FIFO                 |        -|      -|        -|        -|     -|
|Instance             |        -|      0|     1280|     6272|     -|
|Memory               |        -|      -|        -|        -|     -|
|Multiplexer          |        -|      -|        0|      580|     -|
|Register             |        -|      -|     1599|        -|     -|
+---------------------+---------+-------+---------+---------+------+
|Total                |        0|      0|     2879|     6889|     0|
+---------------------+---------+-------+---------+---------+------+
|Available SLR        |     2494|   3616|  1716138|   858069|   641|
+---------------------+---------+-------+---------+---------+------+
|Utilization SLR (%)  |        0|      0|       ~0|       ~0|     0|
+---------------------+---------+-------+---------+---------+------+
|Available            |     7482|  10848|  5148416|  2574208|  1925|
+---------------------+---------+-------+---------+---------+------+
|Utilization (%)      |        0|      0|       ~0|       ~0|     0|
+---------------------+---------+-------+---------+---------+------+

+ Detail: 
    * Instance: 
    +------------------------------------+------------------------------+---------+----+----+-----+-----+
    |              Instance              |            Module            | BRAM_18K| DSP| FF | LUT | URAM|
    +------------------------------------+------------------------------+---------+----+----+-----+-----+
    |hadd_16ns_16ns_16_3_no_dsp_1_U1185  |hadd_16ns_16ns_16_3_no_dsp_1  |        0|   0|  40|  196|    0|
    |hadd_16ns_16ns_16_3_no_dsp_1_U1186  |hadd_16ns_16ns_16_3_no_dsp_1  |        0|   0|  40|  196|    0|
    |hadd_16ns_16ns_16_3_no_dsp_1_U1187  |hadd_16ns_16ns_16_3_no_dsp_1  |        0|   0|  40|  196|    0|
    |hadd_16ns_16ns_16_3_no_dsp_1_U1188  |hadd_16ns_16ns_16_3_no_dsp_1  |        0|   0|  40|  196|    0|
    |hadd_16ns_16ns_16_3_no_dsp_1_U1189  |hadd_16ns_16ns_16_3_no_dsp_1  |        0|   0|  40|  196|    0|
    |hadd_16ns_16ns_16_3_no_dsp_1_U1190  |hadd_16ns_16ns_16_3_no_dsp_1  |        0|   0|  40|  196|    0|
    |hadd_16ns_16ns_16_3_no_dsp_1_U1191  |hadd_16ns_16ns_16_3_no_dsp_1  |        0|   0|  40|  196|    0|
    |hadd_16ns_16ns_16_3_no_dsp_1_U1192  |hadd_16ns_16ns_16_3_no_dsp_1  |        0|   0|  40|  196|    0|
    |hadd_16ns_16ns_16_3_no_dsp_1_U1193  |hadd_16ns_16ns_16_3_no_dsp_1  |        0|   0|  40|  196|    0|
    |hadd_16ns_16ns_16_3_no_dsp_1_U1194  |hadd_16ns_16ns_16_3_no_dsp_1  |        0|   0|  40|  196|    0|
    |hadd_16ns_16ns_16_3_no_dsp_1_U1195  |hadd_16ns_16ns_16_3_no_dsp_1  |        0|   0|  40|  196|    0|
    |hadd_16ns_16ns_16_3_no_dsp_1_U1196  |hadd_16ns_16ns_16_3_no_dsp_1  |        0|   0|  40|  196|    0|
    |hadd_16ns_16ns_16_3_no_dsp_1_U1197  |hadd_16ns_16ns_16_3_no_dsp_1  |        0|   0|  40|  196|    0|
    |hadd_16ns_16ns_16_3_no_dsp_1_U1198  |hadd_16ns_16ns_16_3_no_dsp_1  |        0|   0|  40|  196|    0|
    |hadd_16ns_16ns_16_3_no_dsp_1_U1199  |hadd_16ns_16ns_16_3_no_dsp_1  |        0|   0|  40|  196|    0|
    |hadd_16ns_16ns_16_3_no_dsp_1_U1200  |hadd_16ns_16ns_16_3_no_dsp_1  |        0|   0|  40|  196|    0|
    |hadd_16ns_16ns_16_3_no_dsp_1_U1201  |hadd_16ns_16ns_16_3_no_dsp_1  |        0|   0|  40|  196|    0|
    |hadd_16ns_16ns_16_3_no_dsp_1_U1202  |hadd_16ns_16ns_16_3_no_dsp_1  |        0|   0|  40|  196|    0|
    |hadd_16ns_16ns_16_3_no_dsp_1_U1203  |hadd_16ns_16ns_16_3_no_dsp_1  |        0|   0|  40|  196|    0|
    |hadd_16ns_16ns_16_3_no_dsp_1_U1204  |hadd_16ns_16ns_16_3_no_dsp_1  |        0|   0|  40|  196|    0|
    |hadd_16ns_16ns_16_3_no_dsp_1_U1205  |hadd_16ns_16ns_16_3_no_dsp_1  |        0|   0|  40|  196|    0|
    |hadd_16ns_16ns_16_3_no_dsp_1_U1206  |hadd_16ns_16ns_16_3_no_dsp_1  |        0|   0|  40|  196|    0|
    |hadd_16ns_16ns_16_3_no_dsp_1_U1207  |hadd_16ns_16ns_16_3_no_dsp_1  |        0|   0|  40|  196|    0|
    |hadd_16ns_16ns_16_3_no_dsp_1_U1208  |hadd_16ns_16ns_16_3_no_dsp_1  |        0|   0|  40|  196|    0|
    |hadd_16ns_16ns_16_3_no_dsp_1_U1209  |hadd_16ns_16ns_16_3_no_dsp_1  |        0|   0|  40|  196|    0|
    |hadd_16ns_16ns_16_3_no_dsp_1_U1210  |hadd_16ns_16ns_16_3_no_dsp_1  |        0|   0|  40|  196|    0|
    |hadd_16ns_16ns_16_3_no_dsp_1_U1211  |hadd_16ns_16ns_16_3_no_dsp_1  |        0|   0|  40|  196|    0|
    |hadd_16ns_16ns_16_3_no_dsp_1_U1212  |hadd_16ns_16ns_16_3_no_dsp_1  |        0|   0|  40|  196|    0|
    |hadd_16ns_16ns_16_3_no_dsp_1_U1213  |hadd_16ns_16ns_16_3_no_dsp_1  |        0|   0|  40|  196|    0|
    |hadd_16ns_16ns_16_3_no_dsp_1_U1214  |hadd_16ns_16ns_16_3_no_dsp_1  |        0|   0|  40|  196|    0|
    |hadd_16ns_16ns_16_3_no_dsp_1_U1215  |hadd_16ns_16ns_16_3_no_dsp_1  |        0|   0|  40|  196|    0|
    |hadd_16ns_16ns_16_3_no_dsp_1_U1216  |hadd_16ns_16ns_16_3_no_dsp_1  |        0|   0|  40|  196|    0|
    +------------------------------------+------------------------------+---------+----+----+-----+-----+
    |Total                               |                              |        0|   0|1280| 6272|    0|
    +------------------------------------+------------------------------+---------+----+----+-----+-----+

    * DSP: 
    N/A

    * Memory: 
    N/A

    * FIFO: 
    N/A

    * Expression: 
    +---------------------------+----------+----+---+----+------------+------------+
    |       Variable Name       | Operation| DSP| FF| LUT| Bitwidth P0| Bitwidth P1|
    +---------------------------+----------+----+---+----+------------+------------+
    |add_ln109_fu_471_p2        |         +|   0|  0|  22|          22|           1|
    |icmp_ln109_fu_465_p2       |      icmp|   0|  0|  11|          23|          23|
    |ap_block_pp0_stage0_01001  |        or|   0|  0|   2|           1|           1|
    |ap_enable_pp0              |       xor|   0|  0|   2|           1|           2|
    +---------------------------+----------+----+---+----+------------+------------+
    |Total                      |          |   0|  0|  37|          47|          27|
    +---------------------------+----------+----+---+----+------------+------------+

    * Multiplexer: 
    +----------------------------+----+-----------+-----+-----------+
    |            Name            | LUT| Input Size| Bits| Total Bits|
    +----------------------------+----+-----------+-----+-----------+
    |ap_done_int                 |   1|          2|    1|          2|
    |ap_enable_reg_pp0_iter1     |   1|          2|    1|          2|
    |ap_sig_allocacmp_iter_load  |  32|          2|   22|         44|
    |grp_fu_325_p2               |  16|          2|   16|         32|
    |grp_fu_329_p2               |  16|          2|   16|         32|
    |grp_fu_333_p2               |  16|          2|   16|         32|
    |grp_fu_337_p2               |  16|          2|   16|         32|
    |grp_fu_341_p2               |  16|          2|   16|         32|
    |grp_fu_345_p2               |  16|          2|   16|         32|
    |grp_fu_349_p2               |  16|          2|   16|         32|
    |grp_fu_353_p2               |  16|          2|   16|         32|
    |grp_fu_357_p2               |  16|          2|   16|         32|
    |grp_fu_361_p2               |  16|          2|   16|         32|
    |grp_fu_365_p2               |  16|          2|   16|         32|
    |grp_fu_369_p2               |  16|          2|   16|         32|
    |grp_fu_373_p2               |  16|          2|   16|         32|
    |grp_fu_377_p2               |  16|          2|   16|         32|
    |grp_fu_381_p2               |  16|          2|   16|         32|
    |grp_fu_385_p2               |  16|          2|   16|         32|
    |grp_fu_389_p2               |  16|          2|   16|         32|
    |grp_fu_393_p2               |  16|          2|   16|         32|
    |grp_fu_397_p2               |  16|          2|   16|         32|
    |grp_fu_401_p2               |  16|          2|   16|         32|
    |grp_fu_405_p2               |  16|          2|   16|         32|
    |grp_fu_409_p2               |  16|          2|   16|         32|
    |grp_fu_413_p2               |  16|          2|   16|         32|
    |grp_fu_417_p2               |  16|          2|   16|         32|
    |grp_fu_421_p2               |  16|          2|   16|         32|
    |grp_fu_425_p2               |  16|          2|   16|         32|
    |grp_fu_429_p2               |  16|          2|   16|         32|
    |grp_fu_433_p2               |  16|          2|   16|         32|
    |grp_fu_437_p2               |  16|          2|   16|         32|
    |grp_fu_441_p2               |  16|          2|   16|         32|
    |grp_fu_445_p2               |  16|          2|   16|         32|
    |grp_fu_449_p2               |  16|          2|   16|         32|
    |iter_fu_302                 |  32|          2|   22|         44|
    |pass_32_i_blk_n             |   1|          2|    1|          2|
    |pass_64_i_blk_n             |   1|          2|    1|          2|
    +----------------------------+----+-----------+-----+-----------+
    |Total                       | 580|         76|  560|       1120|
    +----------------------------+----+-----------+-----+-----------+

    * Register: 
    +----------------------------------+----+----+-----+-----------+
    |               Name               | FF | LUT| Bits| Const Bits|
    +----------------------------------+----+----+-----+-----------+
    |ap_CS_fsm                         |   1|   0|    1|          0|
    |ap_done_reg                       |   1|   0|    1|          0|
    |ap_enable_reg_pp0_iter1           |   1|   0|    1|          0|
    |ap_enable_reg_pp0_iter2           |   1|   0|    1|          0|
    |ap_enable_reg_pp0_iter3           |   1|   0|    1|          0|
    |ap_enable_reg_pp0_iter4           |   1|   0|    1|          0|
    |ap_loop_exit_ready_pp0_iter1_reg  |   1|   0|    1|          0|
    |ap_loop_exit_ready_pp0_iter2_reg  |   1|   0|    1|          0|
    |ap_loop_exit_ready_pp0_iter3_reg  |   1|   0|    1|          0|
    |grp_fu_325_ce                     |   1|   0|    1|          0|
    |grp_fu_325_p0                     |  16|   0|   16|          0|
    |grp_fu_325_p1                     |  16|   0|   16|          0|
    |grp_fu_329_ce                     |   1|   0|    1|          0|
    |grp_fu_329_p0                     |  16|   0|   16|          0|
    |grp_fu_329_p1                     |  16|   0|   16|          0|
    |grp_fu_333_ce                     |   1|   0|    1|          0|
    |grp_fu_333_p0                     |  16|   0|   16|          0|
    |grp_fu_333_p1                     |  16|   0|   16|          0|
    |grp_fu_337_ce                     |   1|   0|    1|          0|
    |grp_fu_337_p0                     |  16|   0|   16|          0|
    |grp_fu_337_p1                     |  16|   0|   16|          0|
    |grp_fu_341_ce                     |   1|   0|    1|          0|
    |grp_fu_341_p0                     |  16|   0|   16|          0|
    |grp_fu_341_p1                     |  16|   0|   16|          0|
    |grp_fu_345_ce                     |   1|   0|    1|          0|
    |grp_fu_345_p0                     |  16|   0|   16|          0|
    |grp_fu_345_p1                     |  16|   0|   16|          0|
    |grp_fu_349_ce                     |   1|   0|    1|          0|
    |grp_fu_349_p0                     |  16|   0|   16|          0|
    |grp_fu_349_p1                     |  16|   0|   16|          0|
    |grp_fu_353_ce                     |   1|   0|    1|          0|
    |grp_fu_353_p0                     |  16|   0|   16|          0|
    |grp_fu_353_p1                     |  16|   0|   16|          0|
    |grp_fu_357_ce                     |   1|   0|    1|          0|
    |grp_fu_357_p0                     |  16|   0|   16|          0|
    |grp_fu_357_p1                     |  16|   0|   16|          0|
    |grp_fu_361_ce                     |   1|   0|    1|          0|
    |grp_fu_361_p0                     |  16|   0|   16|          0|
    |grp_fu_361_p1                     |  16|   0|   16|          0|
    |grp_fu_365_ce                     |   1|   0|    1|          0|
    |grp_fu_365_p0                     |  16|   0|   16|          0|
    |grp_fu_365_p1                     |  16|   0|   16|          0|
    |grp_fu_369_ce                     |   1|   0|    1|          0|
    |grp_fu_369_p0                     |  16|   0|   16|          0|
    |grp_fu_369_p1                     |  16|   0|   16|          0|
    |grp_fu_373_ce                     |   1|   0|    1|          0|
    |grp_fu_373_p0                     |  16|   0|   16|          0|
    |grp_fu_373_p1                     |  16|   0|   16|          0|
    |grp_fu_377_ce                     |   1|   0|    1|          0|
    |grp_fu_377_p0                     |  16|   0|   16|          0|
    |grp_fu_377_p1                     |  16|   0|   16|          0|
    |grp_fu_381_ce                     |   1|   0|    1|          0|
    |grp_fu_381_p0                     |  16|   0|   16|          0|
    |grp_fu_381_p1                     |  16|   0|   16|          0|
    |grp_fu_385_ce                     |   1|   0|    1|          0|
    |grp_fu_385_p0                     |  16|   0|   16|          0|
    |grp_fu_385_p1                     |  16|   0|   16|          0|
    |grp_fu_389_ce                     |   1|   0|    1|          0|
    |grp_fu_389_p0                     |  16|   0|   16|          0|
    |grp_fu_389_p1                     |  16|   0|   16|          0|
    |grp_fu_393_ce                     |   1|   0|    1|          0|
    |grp_fu_393_p0                     |  16|   0|   16|          0|
    |grp_fu_393_p1                     |  16|   0|   16|          0|
    |grp_fu_397_ce                     |   1|   0|    1|          0|
    |grp_fu_397_p0                     |  16|   0|   16|          0|
    |grp_fu_397_p1                     |  16|   0|   16|          0|
    |grp_fu_401_ce                     |   1|   0|    1|          0|
    |grp_fu_401_p0                     |  16|   0|   16|          0|
    |grp_fu_401_p1                     |  16|   0|   16|          0|
    |grp_fu_405_ce                     |   1|   0|    1|          0|
    |grp_fu_405_p0                     |  16|   0|   16|          0|
    |grp_fu_405_p1                     |  16|   0|   16|          0|
    |grp_fu_409_ce                     |   1|   0|    1|          0|
    |grp_fu_409_p0                     |  16|   0|   16|          0|
    |grp_fu_409_p1                     |  16|   0|   16|          0|
    |grp_fu_413_ce                     |   1|   0|    1|          0|
    |grp_fu_413_p0                     |  16|   0|   16|          0|
    |grp_fu_413_p1                     |  16|   0|   16|          0|
    |grp_fu_417_ce                     |   1|   0|    1|          0|
    |grp_fu_417_p0                     |  16|   0|   16|          0|
    |grp_fu_417_p1                     |  16|   0|   16|          0|
    |grp_fu_421_ce                     |   1|   0|    1|          0|
    |grp_fu_421_p0                     |  16|   0|   16|          0|
    |grp_fu_421_p1                     |  16|   0|   16|          0|
    |grp_fu_425_ce                     |   1|   0|    1|          0|
    |grp_fu_425_p0                     |  16|   0|   16|          0|
    |grp_fu_425_p1                     |  16|   0|   16|          0|
    |grp_fu_429_ce                     |   1|   0|    1|          0|
    |grp_fu_429_p0                     |  16|   0|   16|          0|
    |grp_fu_429_p1                     |  16|   0|   16|          0|
    |grp_fu_433_ce                     |   1|   0|    1|          0|
    |grp_fu_433_p0                     |  16|   0|   16|          0|
    |grp_fu_433_p1                     |  16|   0|   16|          0|
    |grp_fu_437_ce                     |   1|   0|    1|          0|
    |grp_fu_437_p0                     |  16|   0|   16|          0|
    |grp_fu_437_p1                     |  16|   0|   16|          0|
    |grp_fu_441_ce                     |   1|   0|    1|          0|
    |grp_fu_441_p0                     |  16|   0|   16|          0|
    |grp_fu_441_p1                     |  16|   0|   16|          0|
    |grp_fu_445_ce                     |   1|   0|    1|          0|
    |grp_fu_445_p0                     |  16|   0|   16|          0|
    |grp_fu_445_p1                     |  16|   0|   16|          0|
    |grp_fu_449_ce                     |   1|   0|    1|          0|
    |grp_fu_449_p0                     |  16|   0|   16|          0|
    |grp_fu_449_p1                     |  16|   0|   16|          0|
    |iter_fu_302                       |  22|   0|   22|          0|
    |pre_grp_fu_325_p2_reg             |  16|   0|   16|          0|
    |pre_grp_fu_329_p2_reg             |  16|   0|   16|          0|
    |pre_grp_fu_333_p2_reg             |  16|   0|   16|          0|
    |pre_grp_fu_337_p2_reg             |  16|   0|   16|          0|
    |pre_grp_fu_341_p2_reg             |  16|   0|   16|          0|
    |pre_grp_fu_345_p2_reg             |  16|   0|   16|          0|
    |pre_grp_fu_349_p2_reg             |  16|   0|   16|          0|
    |pre_grp_fu_353_p2_reg             |  16|   0|   16|          0|
    |pre_grp_fu_357_p2_reg             |  16|   0|   16|          0|
    |pre_grp_fu_361_p2_reg             |  16|   0|   16|          0|
    |pre_grp_fu_365_p2_reg             |  16|   0|   16|          0|
    |pre_grp_fu_369_p2_reg             |  16|   0|   16|          0|
    |pre_grp_fu_373_p2_reg             |  16|   0|   16|          0|
    |pre_grp_fu_377_p2_reg             |  16|   0|   16|          0|
    |pre_grp_fu_381_p2_reg             |  16|   0|   16|          0|
    |pre_grp_fu_385_p2_reg             |  16|   0|   16|          0|
    |pre_grp_fu_389_p2_reg             |  16|   0|   16|          0|
    |pre_grp_fu_393_p2_reg             |  16|   0|   16|          0|
    |pre_grp_fu_397_p2_reg             |  16|   0|   16|          0|
    |pre_grp_fu_401_p2_reg             |  16|   0|   16|          0|
    |pre_grp_fu_405_p2_reg             |  16|   0|   16|          0|
    |pre_grp_fu_409_p2_reg             |  16|   0|   16|          0|
    |pre_grp_fu_413_p2_reg             |  16|   0|   16|          0|
    |pre_grp_fu_417_p2_reg             |  16|   0|   16|          0|
    |pre_grp_fu_421_p2_reg             |  16|   0|   16|          0|
    |pre_grp_fu_425_p2_reg             |  16|   0|   16|          0|
    |pre_grp_fu_429_p2_reg             |  16|   0|   16|          0|
    |pre_grp_fu_433_p2_reg             |  16|   0|   16|          0|
    |pre_grp_fu_437_p2_reg             |  16|   0|   16|          0|
    |pre_grp_fu_441_p2_reg             |  16|   0|   16|          0|
    |pre_grp_fu_445_p2_reg             |  16|   0|   16|          0|
    |pre_grp_fu_449_p2_reg             |  16|   0|   16|          0|
    +----------------------------------+----+----+-----+-----------+
    |Total                             |1599|   0| 1599|          0|
    +----------------------------------+----+----+-----+-----------+



================================================================
== Interface
================================================================
* Summary: 
+--------------------------+-----+------+------------+------------------------------------------------------------------+--------------+
|         RTL Ports        | Dir | Bits |  Protocol  |                           Source Object                          |    C Type    |
+--------------------------+-----+------+------------+------------------------------------------------------------------+--------------+
|ap_clk                    |   in|     1|  ap_ctrl_hs|  Mul_Adder_Tree_128_Loop_adder_64_32_proc.11_Pipeline_adder_64_32|  return value|
|ap_rst                    |   in|     1|  ap_ctrl_hs|  Mul_Adder_Tree_128_Loop_adder_64_32_proc.11_Pipeline_adder_64_32|  return value|
|ap_start                  |   in|     1|  ap_ctrl_hs|  Mul_Adder_Tree_128_Loop_adder_64_32_proc.11_Pipeline_adder_64_32|  return value|
|ap_done                   |  out|     1|  ap_ctrl_hs|  Mul_Adder_Tree_128_Loop_adder_64_32_proc.11_Pipeline_adder_64_32|  return value|
|ap_idle                   |  out|     1|  ap_ctrl_hs|  Mul_Adder_Tree_128_Loop_adder_64_32_proc.11_Pipeline_adder_64_32|  return value|
|ap_ready                  |  out|     1|  ap_ctrl_hs|  Mul_Adder_Tree_128_Loop_adder_64_32_proc.11_Pipeline_adder_64_32|  return value|
|pass_64_i_dout            |   in|  1024|     ap_fifo|                                                         pass_64_i|       pointer|
|pass_64_i_empty_n         |   in|     1|     ap_fifo|                                                         pass_64_i|       pointer|
|pass_64_i_read            |  out|     1|     ap_fifo|                                                         pass_64_i|       pointer|
|pass_64_i_num_data_valid  |   in|     3|     ap_fifo|                                                         pass_64_i|       pointer|
|pass_64_i_fifo_cap        |   in|     3|     ap_fifo|                                                         pass_64_i|       pointer|
|pass_32_i_din             |  out|   512|     ap_fifo|                                                         pass_32_i|       pointer|
|pass_32_i_full_n          |   in|     1|     ap_fifo|                                                         pass_32_i|       pointer|
|pass_32_i_write           |  out|     1|     ap_fifo|                                                         pass_32_i|       pointer|
|pass_32_i_num_data_valid  |   in|    32|     ap_fifo|                                                         pass_32_i|       pointer|
|pass_32_i_fifo_cap        |   in|    32|     ap_fifo|                                                         pass_32_i|       pointer|
|select_ln59               |   in|    23|     ap_none|                                                       select_ln59|        scalar|
+--------------------------+-----+------+------------+------------------------------------------------------------------+--------------+

