

================================================================
== Vitis HLS Report for 'Mul_Adder_Tree_128_Loop_adder_128_64_proc_18_Pipeline_adder_128_64'
================================================================
* Date:           Fri Dec 19 23:44:18 2025

* Version:        2025.1.1 (Build 6214317 on Sep 11 2025)
* Project:        Hybrid_Model_test
* Solution:       hls (Vivado IP Flow Target)
* Product family: versalhbm
* Target device:  xcv80-lsva4737-2MHP-e-S


================================================================
== Performance Estimates
================================================================
+ Timing: 
    * Summary: 
    +--------+---------+----------+------------+
    |  Clock |  Target | Estimated| Uncertainty|
    +--------+---------+----------+------------+
    |ap_clk  |  5.00 ns|  3.236 ns|     1.35 ns|
    +--------+---------+----------+------------+

+ Latency: 
    * Summary: 
    +---------+---------+----------+----------+-------+-------+------------------------------------------------+
    |  Latency (cycles) |  Latency (absolute) |    Interval   |                    Pipeline                    |
    |   min   |   max   |    min   |    max   |  min  |  max  |                      Type                      |
    +---------+---------+----------+----------+-------+-------+------------------------------------------------+
    |    25093|    25093|  0.125 ms|  0.125 ms|  25089|  25089|  loop auto-rewind stp (delay=0 clock cycles(s))|
    +---------+---------+----------+----------+-------+-------+------------------------------------------------+

    + Detail: 
        * Instance: 
        N/A

        * Loop: 
        +----------------+---------+---------+----------+-----------+-----------+-------+----------+
        |                |  Latency (cycles) | Iteration|  Initiation Interval  |  Trip |          |
        |    Loop Name   |   min   |   max   |  Latency |  achieved |   target  | Count | Pipelined|
        +----------------+---------+---------+----------+-----------+-----------+-------+----------+
        |- adder_128_64  |    25091|    25091|         5|          1|          1|  25088|       yes|
        +----------------+---------+---------+----------+-----------+-----------+-------+----------+



================================================================
== Utilization Estimates
================================================================
* Summary: 
+---------------------+---------+-------+---------+---------+------+
|         Name        | BRAM_18K|  DSP  |    FF   |   LUT   | URAM |
+---------------------+---------+-------+---------+---------+------+
|DSP                  |        -|      -|        -|        -|     -|
|Expression           |        -|      -|        0|       37|     -|
|FIFO                 |        -|      -|        -|        -|     -|
|Instance             |        -|      0|     2560|    12544|     -|
|Memory               |        -|      -|        -|        -|     -|
|Multiplexer          |        -|      -|        0|     1092|     -|
|Register             |        -|      -|     3167|        -|     -|
+---------------------+---------+-------+---------+---------+------+
|Total                |        0|      0|     5727|    13673|     0|
+---------------------+---------+-------+---------+---------+------+
|Available SLR        |     2494|   3616|  1716138|   858069|   641|
+---------------------+---------+-------+---------+---------+------+
|Utilization SLR (%)  |        0|      0|       ~0|        1|     0|
+---------------------+---------+-------+---------+---------+------+
|Available            |     7482|  10848|  5148416|  2574208|  1925|
+---------------------+---------+-------+---------+---------+------+
|Utilization (%)      |        0|      0|       ~0|       ~0|     0|
+---------------------+---------+-------+---------+---------+------+

+ Detail: 
    * Instance: 
    +------------------------------------+------------------------------+---------+----+----+-----+-----+
    |              Instance              |            Module            | BRAM_18K| DSP| FF | LUT | URAM|
    +------------------------------------+------------------------------+---------+----+----+-----+-----+
    |hadd_16ns_16ns_16_3_no_dsp_1_U1727  |hadd_16ns_16ns_16_3_no_dsp_1  |        0|   0|  40|  196|    0|
    |hadd_16ns_16ns_16_3_no_dsp_1_U1728  |hadd_16ns_16ns_16_3_no_dsp_1  |        0|   0|  40|  196|    0|
    |hadd_16ns_16ns_16_3_no_dsp_1_U1729  |hadd_16ns_16ns_16_3_no_dsp_1  |        0|   0|  40|  196|    0|
    |hadd_16ns_16ns_16_3_no_dsp_1_U1730  |hadd_16ns_16ns_16_3_no_dsp_1  |        0|   0|  40|  196|    0|
    |hadd_16ns_16ns_16_3_no_dsp_1_U1731  |hadd_16ns_16ns_16_3_no_dsp_1  |        0|   0|  40|  196|    0|
    |hadd_16ns_16ns_16_3_no_dsp_1_U1732  |hadd_16ns_16ns_16_3_no_dsp_1  |        0|   0|  40|  196|    0|
    |hadd_16ns_16ns_16_3_no_dsp_1_U1733  |hadd_16ns_16ns_16_3_no_dsp_1  |        0|   0|  40|  196|    0|
    |hadd_16ns_16ns_16_3_no_dsp_1_U1734  |hadd_16ns_16ns_16_3_no_dsp_1  |        0|   0|  40|  196|    0|
    |hadd_16ns_16ns_16_3_no_dsp_1_U1735  |hadd_16ns_16ns_16_3_no_dsp_1  |        0|   0|  40|  196|    0|
    |hadd_16ns_16ns_16_3_no_dsp_1_U1736  |hadd_16ns_16ns_16_3_no_dsp_1  |        0|   0|  40|  196|    0|
    |hadd_16ns_16ns_16_3_no_dsp_1_U1737  |hadd_16ns_16ns_16_3_no_dsp_1  |        0|   0|  40|  196|    0|
    |hadd_16ns_16ns_16_3_no_dsp_1_U1738  |hadd_16ns_16ns_16_3_no_dsp_1  |        0|   0|  40|  196|    0|
    |hadd_16ns_16ns_16_3_no_dsp_1_U1739  |hadd_16ns_16ns_16_3_no_dsp_1  |        0|   0|  40|  196|    0|
    |hadd_16ns_16ns_16_3_no_dsp_1_U1740  |hadd_16ns_16ns_16_3_no_dsp_1  |        0|   0|  40|  196|    0|
    |hadd_16ns_16ns_16_3_no_dsp_1_U1741  |hadd_16ns_16ns_16_3_no_dsp_1  |        0|   0|  40|  196|    0|
    |hadd_16ns_16ns_16_3_no_dsp_1_U1742  |hadd_16ns_16ns_16_3_no_dsp_1  |        0|   0|  40|  196|    0|
    |hadd_16ns_16ns_16_3_no_dsp_1_U1743  |hadd_16ns_16ns_16_3_no_dsp_1  |        0|   0|  40|  196|    0|
    |hadd_16ns_16ns_16_3_no_dsp_1_U1744  |hadd_16ns_16ns_16_3_no_dsp_1  |        0|   0|  40|  196|    0|
    |hadd_16ns_16ns_16_3_no_dsp_1_U1745  |hadd_16ns_16ns_16_3_no_dsp_1  |        0|   0|  40|  196|    0|
    |hadd_16ns_16ns_16_3_no_dsp_1_U1746  |hadd_16ns_16ns_16_3_no_dsp_1  |        0|   0|  40|  196|    0|
    |hadd_16ns_16ns_16_3_no_dsp_1_U1747  |hadd_16ns_16ns_16_3_no_dsp_1  |        0|   0|  40|  196|    0|
    |hadd_16ns_16ns_16_3_no_dsp_1_U1748  |hadd_16ns_16ns_16_3_no_dsp_1  |        0|   0|  40|  196|    0|
    |hadd_16ns_16ns_16_3_no_dsp_1_U1749  |hadd_16ns_16ns_16_3_no_dsp_1  |        0|   0|  40|  196|    0|
    |hadd_16ns_16ns_16_3_no_dsp_1_U1750  |hadd_16ns_16ns_16_3_no_dsp_1  |        0|   0|  40|  196|    0|
    |hadd_16ns_16ns_16_3_no_dsp_1_U1751  |hadd_16ns_16ns_16_3_no_dsp_1  |        0|   0|  40|  196|    0|
    |hadd_16ns_16ns_16_3_no_dsp_1_U1752  |hadd_16ns_16ns_16_3_no_dsp_1  |        0|   0|  40|  196|    0|
    |hadd_16ns_16ns_16_3_no_dsp_1_U1753  |hadd_16ns_16ns_16_3_no_dsp_1  |        0|   0|  40|  196|    0|
    |hadd_16ns_16ns_16_3_no_dsp_1_U1754  |hadd_16ns_16ns_16_3_no_dsp_1  |        0|   0|  40|  196|    0|
    |hadd_16ns_16ns_16_3_no_dsp_1_U1755  |hadd_16ns_16ns_16_3_no_dsp_1  |        0|   0|  40|  196|    0|
    |hadd_16ns_16ns_16_3_no_dsp_1_U1756  |hadd_16ns_16ns_16_3_no_dsp_1  |        0|   0|  40|  196|    0|
    |hadd_16ns_16ns_16_3_no_dsp_1_U1757  |hadd_16ns_16ns_16_3_no_dsp_1  |        0|   0|  40|  196|    0|
    |hadd_16ns_16ns_16_3_no_dsp_1_U1758  |hadd_16ns_16ns_16_3_no_dsp_1  |        0|   0|  40|  196|    0|
    |hadd_16ns_16ns_16_3_no_dsp_1_U1759  |hadd_16ns_16ns_16_3_no_dsp_1  |        0|   0|  40|  196|    0|
    |hadd_16ns_16ns_16_3_no_dsp_1_U1760  |hadd_16ns_16ns_16_3_no_dsp_1  |        0|   0|  40|  196|    0|
    |hadd_16ns_16ns_16_3_no_dsp_1_U1761  |hadd_16ns_16ns_16_3_no_dsp_1  |        0|   0|  40|  196|    0|
    |hadd_16ns_16ns_16_3_no_dsp_1_U1762  |hadd_16ns_16ns_16_3_no_dsp_1  |        0|   0|  40|  196|    0|
    |hadd_16ns_16ns_16_3_no_dsp_1_U1763  |hadd_16ns_16ns_16_3_no_dsp_1  |        0|   0|  40|  196|    0|
    |hadd_16ns_16ns_16_3_no_dsp_1_U1764  |hadd_16ns_16ns_16_3_no_dsp_1  |        0|   0|  40|  196|    0|
    |hadd_16ns_16ns_16_3_no_dsp_1_U1765  |hadd_16ns_16ns_16_3_no_dsp_1  |        0|   0|  40|  196|    0|
    |hadd_16ns_16ns_16_3_no_dsp_1_U1766  |hadd_16ns_16ns_16_3_no_dsp_1  |        0|   0|  40|  196|    0|
    |hadd_16ns_16ns_16_3_no_dsp_1_U1767  |hadd_16ns_16ns_16_3_no_dsp_1  |        0|   0|  40|  196|    0|
    |hadd_16ns_16ns_16_3_no_dsp_1_U1768  |hadd_16ns_16ns_16_3_no_dsp_1  |        0|   0|  40|  196|    0|
    |hadd_16ns_16ns_16_3_no_dsp_1_U1769  |hadd_16ns_16ns_16_3_no_dsp_1  |        0|   0|  40|  196|    0|
    |hadd_16ns_16ns_16_3_no_dsp_1_U1770  |hadd_16ns_16ns_16_3_no_dsp_1  |        0|   0|  40|  196|    0|
    |hadd_16ns_16ns_16_3_no_dsp_1_U1771  |hadd_16ns_16ns_16_3_no_dsp_1  |        0|   0|  40|  196|    0|
    |hadd_16ns_16ns_16_3_no_dsp_1_U1772  |hadd_16ns_16ns_16_3_no_dsp_1  |        0|   0|  40|  196|    0|
    |hadd_16ns_16ns_16_3_no_dsp_1_U1773  |hadd_16ns_16ns_16_3_no_dsp_1  |        0|   0|  40|  196|    0|
    |hadd_16ns_16ns_16_3_no_dsp_1_U1774  |hadd_16ns_16ns_16_3_no_dsp_1  |        0|   0|  40|  196|    0|
    |hadd_16ns_16ns_16_3_no_dsp_1_U1775  |hadd_16ns_16ns_16_3_no_dsp_1  |        0|   0|  40|  196|    0|
    |hadd_16ns_16ns_16_3_no_dsp_1_U1776  |hadd_16ns_16ns_16_3_no_dsp_1  |        0|   0|  40|  196|    0|
    |hadd_16ns_16ns_16_3_no_dsp_1_U1777  |hadd_16ns_16ns_16_3_no_dsp_1  |        0|   0|  40|  196|    0|
    |hadd_16ns_16ns_16_3_no_dsp_1_U1778  |hadd_16ns_16ns_16_3_no_dsp_1  |        0|   0|  40|  196|    0|
    |hadd_16ns_16ns_16_3_no_dsp_1_U1779  |hadd_16ns_16ns_16_3_no_dsp_1  |        0|   0|  40|  196|    0|
    |hadd_16ns_16ns_16_3_no_dsp_1_U1780  |hadd_16ns_16ns_16_3_no_dsp_1  |        0|   0|  40|  196|    0|
    |hadd_16ns_16ns_16_3_no_dsp_1_U1781  |hadd_16ns_16ns_16_3_no_dsp_1  |        0|   0|  40|  196|    0|
    |hadd_16ns_16ns_16_3_no_dsp_1_U1782  |hadd_16ns_16ns_16_3_no_dsp_1  |        0|   0|  40|  196|    0|
    |hadd_16ns_16ns_16_3_no_dsp_1_U1783  |hadd_16ns_16ns_16_3_no_dsp_1  |        0|   0|  40|  196|    0|
    |hadd_16ns_16ns_16_3_no_dsp_1_U1784  |hadd_16ns_16ns_16_3_no_dsp_1  |        0|   0|  40|  196|    0|
    |hadd_16ns_16ns_16_3_no_dsp_1_U1785  |hadd_16ns_16ns_16_3_no_dsp_1  |        0|   0|  40|  196|    0|
    |hadd_16ns_16ns_16_3_no_dsp_1_U1786  |hadd_16ns_16ns_16_3_no_dsp_1  |        0|   0|  40|  196|    0|
    |hadd_16ns_16ns_16_3_no_dsp_1_U1787  |hadd_16ns_16ns_16_3_no_dsp_1  |        0|   0|  40|  196|    0|
    |hadd_16ns_16ns_16_3_no_dsp_1_U1788  |hadd_16ns_16ns_16_3_no_dsp_1  |        0|   0|  40|  196|    0|
    |hadd_16ns_16ns_16_3_no_dsp_1_U1789  |hadd_16ns_16ns_16_3_no_dsp_1  |        0|   0|  40|  196|    0|
    |hadd_16ns_16ns_16_3_no_dsp_1_U1790  |hadd_16ns_16ns_16_3_no_dsp_1  |        0|   0|  40|  196|    0|
    +------------------------------------+------------------------------+---------+----+----+-----+-----+
    |Total                               |                              |        0|   0|2560|12544|    0|
    +------------------------------------+------------------------------+---------+----+----+-----+-----+

    * DSP: 
    N/A

    * Memory: 
    N/A

    * FIFO: 
    N/A

    * Expression: 
    +---------------------------+----------+----+---+----+------------+------------+
    |       Variable Name       | Operation| DSP| FF| LUT| Bitwidth P0| Bitwidth P1|
    +---------------------------+----------+----+---+----+------------+------------+
    |add_ln95_fu_855_p2         |         +|   0|  0|  22|          22|           1|
    |icmp_ln95_fu_849_p2        |      icmp|   0|  0|  11|          23|          23|
    |ap_block_pp0_stage0_01001  |        or|   0|  0|   2|           1|           1|
    |ap_enable_pp0              |       xor|   0|  0|   2|           1|           2|
    +---------------------------+----------+----+---+----+------------+------------+
    |Total                      |          |   0|  0|  37|          47|          27|
    +---------------------------+----------+----+---+----+------------+------------+

    * Multiplexer: 
    +----------------------------+----+-----------+-----+-----------+
    |            Name            | LUT| Input Size| Bits| Total Bits|
    +----------------------------+----+-----------+-----+-----------+
    |ap_done_int                 |   1|          2|    1|          2|
    |ap_enable_reg_pp0_iter1     |   1|          2|    1|          2|
    |ap_sig_allocacmp_iter_load  |  32|          2|   22|         44|
    |grp_fu_581_p2               |  16|          2|   16|         32|
    |grp_fu_585_p2               |  16|          2|   16|         32|
    |grp_fu_589_p2               |  16|          2|   16|         32|
    |grp_fu_593_p2               |  16|          2|   16|         32|
    |grp_fu_597_p2               |  16|          2|   16|         32|
    |grp_fu_601_p2               |  16|          2|   16|         32|
    |grp_fu_605_p2               |  16|          2|   16|         32|
    |grp_fu_609_p2               |  16|          2|   16|         32|
    |grp_fu_613_p2               |  16|          2|   16|         32|
    |grp_fu_617_p2               |  16|          2|   16|         32|
    |grp_fu_621_p2               |  16|          2|   16|         32|
    |grp_fu_625_p2               |  16|          2|   16|         32|
    |grp_fu_629_p2               |  16|          2|   16|         32|
    |grp_fu_633_p2               |  16|          2|   16|         32|
    |grp_fu_637_p2               |  16|          2|   16|         32|
    |grp_fu_641_p2               |  16|          2|   16|         32|
    |grp_fu_645_p2               |  16|          2|   16|         32|
    |grp_fu_649_p2               |  16|          2|   16|         32|
    |grp_fu_653_p2               |  16|          2|   16|         32|
    |grp_fu_657_p2               |  16|          2|   16|         32|
    |grp_fu_661_p2               |  16|          2|   16|         32|
    |grp_fu_665_p2               |  16|          2|   16|         32|
    |grp_fu_669_p2               |  16|          2|   16|         32|
    |grp_fu_673_p2               |  16|          2|   16|         32|
    |grp_fu_677_p2               |  16|          2|   16|         32|
    |grp_fu_681_p2               |  16|          2|   16|         32|
    |grp_fu_685_p2               |  16|          2|   16|         32|
    |grp_fu_689_p2               |  16|          2|   16|         32|
    |grp_fu_693_p2               |  16|          2|   16|         32|
    |grp_fu_697_p2               |  16|          2|   16|         32|
    |grp_fu_701_p2               |  16|          2|   16|         32|
    |grp_fu_705_p2               |  16|          2|   16|         32|
    |grp_fu_709_p2               |  16|          2|   16|         32|
    |grp_fu_713_p2               |  16|          2|   16|         32|
    |grp_fu_717_p2               |  16|          2|   16|         32|
    |grp_fu_721_p2               |  16|          2|   16|         32|
    |grp_fu_725_p2               |  16|          2|   16|         32|
    |grp_fu_729_p2               |  16|          2|   16|         32|
    |grp_fu_733_p2               |  16|          2|   16|         32|
    |grp_fu_737_p2               |  16|          2|   16|         32|
    |grp_fu_741_p2               |  16|          2|   16|         32|
    |grp_fu_745_p2               |  16|          2|   16|         32|
    |grp_fu_749_p2               |  16|          2|   16|         32|
    |grp_fu_753_p2               |  16|          2|   16|         32|
    |grp_fu_757_p2               |  16|          2|   16|         32|
    |grp_fu_761_p2               |  16|          2|   16|         32|
    |grp_fu_765_p2               |  16|          2|   16|         32|
    |grp_fu_769_p2               |  16|          2|   16|         32|
    |grp_fu_773_p2               |  16|          2|   16|         32|
    |grp_fu_777_p2               |  16|          2|   16|         32|
    |grp_fu_781_p2               |  16|          2|   16|         32|
    |grp_fu_785_p2               |  16|          2|   16|         32|
    |grp_fu_789_p2               |  16|          2|   16|         32|
    |grp_fu_793_p2               |  16|          2|   16|         32|
    |grp_fu_797_p2               |  16|          2|   16|         32|
    |grp_fu_801_p2               |  16|          2|   16|         32|
    |grp_fu_805_p2               |  16|          2|   16|         32|
    |grp_fu_809_p2               |  16|          2|   16|         32|
    |grp_fu_813_p2               |  16|          2|   16|         32|
    |grp_fu_817_p2               |  16|          2|   16|         32|
    |grp_fu_821_p2               |  16|          2|   16|         32|
    |grp_fu_825_p2               |  16|          2|   16|         32|
    |grp_fu_829_p2               |  16|          2|   16|         32|
    |grp_fu_833_p2               |  16|          2|   16|         32|
    |iter_fu_558                 |  32|          2|   22|         44|
    |pass_128_i_blk_n            |   1|          2|    1|          2|
    |pass_64_i_blk_n             |   1|          2|    1|          2|
    +----------------------------+----+-----------+-----+-----------+
    |Total                       |1092|        140| 1072|       2144|
    +----------------------------+----+-----------+-----+-----------+

    * Register: 
    +----------------------------------+----+----+-----+-----------+
    |               Name               | FF | LUT| Bits| Const Bits|
    +----------------------------------+----+----+-----+-----------+
    |ap_CS_fsm                         |   1|   0|    1|          0|
    |ap_done_reg                       |   1|   0|    1|          0|
    |ap_enable_reg_pp0_iter1           |   1|   0|    1|          0|
    |ap_enable_reg_pp0_iter2           |   1|   0|    1|          0|
    |ap_enable_reg_pp0_iter3           |   1|   0|    1|          0|
    |ap_enable_reg_pp0_iter4           |   1|   0|    1|          0|
    |ap_loop_exit_ready_pp0_iter1_reg  |   1|   0|    1|          0|
    |ap_loop_exit_ready_pp0_iter2_reg  |   1|   0|    1|          0|
    |ap_loop_exit_ready_pp0_iter3_reg  |   1|   0|    1|          0|
    |grp_fu_581_ce                     |   1|   0|    1|          0|
    |grp_fu_581_p0                     |  16|   0|   16|          0|
    |grp_fu_581_p1                     |  16|   0|   16|          0|
    |grp_fu_585_ce                     |   1|   0|    1|          0|
    |grp_fu_585_p0                     |  16|   0|   16|          0|
    |grp_fu_585_p1                     |  16|   0|   16|          0|
    |grp_fu_589_ce                     |   1|   0|    1|          0|
    |grp_fu_589_p0                     |  16|   0|   16|          0|
    |grp_fu_589_p1                     |  16|   0|   16|          0|
    |grp_fu_593_ce                     |   1|   0|    1|          0|
    |grp_fu_593_p0                     |  16|   0|   16|          0|
    |grp_fu_593_p1                     |  16|   0|   16|          0|
    |grp_fu_597_ce                     |   1|   0|    1|          0|
    |grp_fu_597_p0                     |  16|   0|   16|          0|
    |grp_fu_597_p1                     |  16|   0|   16|          0|
    |grp_fu_601_ce                     |   1|   0|    1|          0|
    |grp_fu_601_p0                     |  16|   0|   16|          0|
    |grp_fu_601_p1                     |  16|   0|   16|          0|
    |grp_fu_605_ce                     |   1|   0|    1|          0|
    |grp_fu_605_p0                     |  16|   0|   16|          0|
    |grp_fu_605_p1                     |  16|   0|   16|          0|
    |grp_fu_609_ce                     |   1|   0|    1|          0|
    |grp_fu_609_p0                     |  16|   0|   16|          0|
    |grp_fu_609_p1                     |  16|   0|   16|          0|
    |grp_fu_613_ce                     |   1|   0|    1|          0|
    |grp_fu_613_p0                     |  16|   0|   16|          0|
    |grp_fu_613_p1                     |  16|   0|   16|          0|
    |grp_fu_617_ce                     |   1|   0|    1|          0|
    |grp_fu_617_p0                     |  16|   0|   16|          0|
    |grp_fu_617_p1                     |  16|   0|   16|          0|
    |grp_fu_621_ce                     |   1|   0|    1|          0|
    |grp_fu_621_p0                     |  16|   0|   16|          0|
    |grp_fu_621_p1                     |  16|   0|   16|          0|
    |grp_fu_625_ce                     |   1|   0|    1|          0|
    |grp_fu_625_p0                     |  16|   0|   16|          0|
    |grp_fu_625_p1                     |  16|   0|   16|          0|
    |grp_fu_629_ce                     |   1|   0|    1|          0|
    |grp_fu_629_p0                     |  16|   0|   16|          0|
    |grp_fu_629_p1                     |  16|   0|   16|          0|
    |grp_fu_633_ce                     |   1|   0|    1|          0|
    |grp_fu_633_p0                     |  16|   0|   16|          0|
    |grp_fu_633_p1                     |  16|   0|   16|          0|
    |grp_fu_637_ce                     |   1|   0|    1|          0|
    |grp_fu_637_p0                     |  16|   0|   16|          0|
    |grp_fu_637_p1                     |  16|   0|   16|          0|
    |grp_fu_641_ce                     |   1|   0|    1|          0|
    |grp_fu_641_p0                     |  16|   0|   16|          0|
    |grp_fu_641_p1                     |  16|   0|   16|          0|
    |grp_fu_645_ce                     |   1|   0|    1|          0|
    |grp_fu_645_p0                     |  16|   0|   16|          0|
    |grp_fu_645_p1                     |  16|   0|   16|          0|
    |grp_fu_649_ce                     |   1|   0|    1|          0|
    |grp_fu_649_p0                     |  16|   0|   16|          0|
    |grp_fu_649_p1                     |  16|   0|   16|          0|
    |grp_fu_653_ce                     |   1|   0|    1|          0|
    |grp_fu_653_p0                     |  16|   0|   16|          0|
    |grp_fu_653_p1                     |  16|   0|   16|          0|
    |grp_fu_657_ce                     |   1|   0|    1|          0|
    |grp_fu_657_p0                     |  16|   0|   16|          0|
    |grp_fu_657_p1                     |  16|   0|   16|          0|
    |grp_fu_661_ce                     |   1|   0|    1|          0|
    |grp_fu_661_p0                     |  16|   0|   16|          0|
    |grp_fu_661_p1                     |  16|   0|   16|          0|
    |grp_fu_665_ce                     |   1|   0|    1|          0|
    |grp_fu_665_p0                     |  16|   0|   16|          0|
    |grp_fu_665_p1                     |  16|   0|   16|          0|
    |grp_fu_669_ce                     |   1|   0|    1|          0|
    |grp_fu_669_p0                     |  16|   0|   16|          0|
    |grp_fu_669_p1                     |  16|   0|   16|          0|
    |grp_fu_673_ce                     |   1|   0|    1|          0|
    |grp_fu_673_p0                     |  16|   0|   16|          0|
    |grp_fu_673_p1                     |  16|   0|   16|          0|
    |grp_fu_677_ce                     |   1|   0|    1|          0|
    |grp_fu_677_p0                     |  16|   0|   16|          0|
    |grp_fu_677_p1                     |  16|   0|   16|          0|
    |grp_fu_681_ce                     |   1|   0|    1|          0|
    |grp_fu_681_p0                     |  16|   0|   16|          0|
    |grp_fu_681_p1                     |  16|   0|   16|          0|
    |grp_fu_685_ce                     |   1|   0|    1|          0|
    |grp_fu_685_p0                     |  16|   0|   16|          0|
    |grp_fu_685_p1                     |  16|   0|   16|          0|
    |grp_fu_689_ce                     |   1|   0|    1|          0|
    |grp_fu_689_p0                     |  16|   0|   16|          0|
    |grp_fu_689_p1                     |  16|   0|   16|          0|
    |grp_fu_693_ce                     |   1|   0|    1|          0|
    |grp_fu_693_p0                     |  16|   0|   16|          0|
    |grp_fu_693_p1                     |  16|   0|   16|          0|
    |grp_fu_697_ce                     |   1|   0|    1|          0|
    |grp_fu_697_p0                     |  16|   0|   16|          0|
    |grp_fu_697_p1                     |  16|   0|   16|          0|
    |grp_fu_701_ce                     |   1|   0|    1|          0|
    |grp_fu_701_p0                     |  16|   0|   16|          0|
    |grp_fu_701_p1                     |  16|   0|   16|          0|
    |grp_fu_705_ce                     |   1|   0|    1|          0|
    |grp_fu_705_p0                     |  16|   0|   16|          0|
    |grp_fu_705_p1                     |  16|   0|   16|          0|
    |grp_fu_709_ce                     |   1|   0|    1|          0|
    |grp_fu_709_p0                     |  16|   0|   16|          0|
    |grp_fu_709_p1                     |  16|   0|   16|          0|
    |grp_fu_713_ce                     |   1|   0|    1|          0|
    |grp_fu_713_p0                     |  16|   0|   16|          0|
    |grp_fu_713_p1                     |  16|   0|   16|          0|
    |grp_fu_717_ce                     |   1|   0|    1|          0|
    |grp_fu_717_p0                     |  16|   0|   16|          0|
    |grp_fu_717_p1                     |  16|   0|   16|          0|
    |grp_fu_721_ce                     |   1|   0|    1|          0|
    |grp_fu_721_p0                     |  16|   0|   16|          0|
    |grp_fu_721_p1                     |  16|   0|   16|          0|
    |grp_fu_725_ce                     |   1|   0|    1|          0|
    |grp_fu_725_p0                     |  16|   0|   16|          0|
    |grp_fu_725_p1                     |  16|   0|   16|          0|
    |grp_fu_729_ce                     |   1|   0|    1|          0|
    |grp_fu_729_p0                     |  16|   0|   16|          0|
    |grp_fu_729_p1                     |  16|   0|   16|          0|
    |grp_fu_733_ce                     |   1|   0|    1|          0|
    |grp_fu_733_p0                     |  16|   0|   16|          0|
    |grp_fu_733_p1                     |  16|   0|   16|          0|
    |grp_fu_737_ce                     |   1|   0|    1|          0|
    |grp_fu_737_p0                     |  16|   0|   16|          0|
    |grp_fu_737_p1                     |  16|   0|   16|          0|
    |grp_fu_741_ce                     |   1|   0|    1|          0|
    |grp_fu_741_p0                     |  16|   0|   16|          0|
    |grp_fu_741_p1                     |  16|   0|   16|          0|
    |grp_fu_745_ce                     |   1|   0|    1|          0|
    |grp_fu_745_p0                     |  16|   0|   16|          0|
    |grp_fu_745_p1                     |  16|   0|   16|          0|
    |grp_fu_749_ce                     |   1|   0|    1|          0|
    |grp_fu_749_p0                     |  16|   0|   16|          0|
    |grp_fu_749_p1                     |  16|   0|   16|          0|
    |grp_fu_753_ce                     |   1|   0|    1|          0|
    |grp_fu_753_p0                     |  16|   0|   16|          0|
    |grp_fu_753_p1                     |  16|   0|   16|          0|
    |grp_fu_757_ce                     |   1|   0|    1|          0|
    |grp_fu_757_p0                     |  16|   0|   16|          0|
    |grp_fu_757_p1                     |  16|   0|   16|          0|
    |grp_fu_761_ce                     |   1|   0|    1|          0|
    |grp_fu_761_p0                     |  16|   0|   16|          0|
    |grp_fu_761_p1                     |  16|   0|   16|          0|
    |grp_fu_765_ce                     |   1|   0|    1|          0|
    |grp_fu_765_p0                     |  16|   0|   16|          0|
    |grp_fu_765_p1                     |  16|   0|   16|          0|
    |grp_fu_769_ce                     |   1|   0|    1|          0|
    |grp_fu_769_p0                     |  16|   0|   16|          0|
    |grp_fu_769_p1                     |  16|   0|   16|          0|
    |grp_fu_773_ce                     |   1|   0|    1|          0|
    |grp_fu_773_p0                     |  16|   0|   16|          0|
    |grp_fu_773_p1                     |  16|   0|   16|          0|
    |grp_fu_777_ce                     |   1|   0|    1|          0|
    |grp_fu_777_p0                     |  16|   0|   16|          0|
    |grp_fu_777_p1                     |  16|   0|   16|          0|
    |grp_fu_781_ce                     |   1|   0|    1|          0|
    |grp_fu_781_p0                     |  16|   0|   16|          0|
    |grp_fu_781_p1                     |  16|   0|   16|          0|
    |grp_fu_785_ce                     |   1|   0|    1|          0|
    |grp_fu_785_p0                     |  16|   0|   16|          0|
    |grp_fu_785_p1                     |  16|   0|   16|          0|
    |grp_fu_789_ce                     |   1|   0|    1|          0|
    |grp_fu_789_p0                     |  16|   0|   16|          0|
    |grp_fu_789_p1                     |  16|   0|   16|          0|
    |grp_fu_793_ce                     |   1|   0|    1|          0|
    |grp_fu_793_p0                     |  16|   0|   16|          0|
    |grp_fu_793_p1                     |  16|   0|   16|          0|
    |grp_fu_797_ce                     |   1|   0|    1|          0|
    |grp_fu_797_p0                     |  16|   0|   16|          0|
    |grp_fu_797_p1                     |  16|   0|   16|          0|
    |grp_fu_801_ce                     |   1|   0|    1|          0|
    |grp_fu_801_p0                     |  16|   0|   16|          0|
    |grp_fu_801_p1                     |  16|   0|   16|          0|
    |grp_fu_805_ce                     |   1|   0|    1|          0|
    |grp_fu_805_p0                     |  16|   0|   16|          0|
    |grp_fu_805_p1                     |  16|   0|   16|          0|
    |grp_fu_809_ce                     |   1|   0|    1|          0|
    |grp_fu_809_p0                     |  16|   0|   16|          0|
    |grp_fu_809_p1                     |  16|   0|   16|          0|
    |grp_fu_813_ce                     |   1|   0|    1|          0|
    |grp_fu_813_p0                     |  16|   0|   16|          0|
    |grp_fu_813_p1                     |  16|   0|   16|          0|
    |grp_fu_817_ce                     |   1|   0|    1|          0|
    |grp_fu_817_p0                     |  16|   0|   16|          0|
    |grp_fu_817_p1                     |  16|   0|   16|          0|
    |grp_fu_821_ce                     |   1|   0|    1|          0|
    |grp_fu_821_p0                     |  16|   0|   16|          0|
    |grp_fu_821_p1                     |  16|   0|   16|          0|
    |grp_fu_825_ce                     |   1|   0|    1|          0|
    |grp_fu_825_p0                     |  16|   0|   16|          0|
    |grp_fu_825_p1                     |  16|   0|   16|          0|
    |grp_fu_829_ce                     |   1|   0|    1|          0|
    |grp_fu_829_p0                     |  16|   0|   16|          0|
    |grp_fu_829_p1                     |  16|   0|   16|          0|
    |grp_fu_833_ce                     |   1|   0|    1|          0|
    |grp_fu_833_p0                     |  16|   0|   16|          0|
    |grp_fu_833_p1                     |  16|   0|   16|          0|
    |iter_fu_558                       |  22|   0|   22|          0|
    |pre_grp_fu_581_p2_reg             |  16|   0|   16|          0|
    |pre_grp_fu_585_p2_reg             |  16|   0|   16|          0|
    |pre_grp_fu_589_p2_reg             |  16|   0|   16|          0|
    |pre_grp_fu_593_p2_reg             |  16|   0|   16|          0|
    |pre_grp_fu_597_p2_reg             |  16|   0|   16|          0|
    |pre_grp_fu_601_p2_reg             |  16|   0|   16|          0|
    |pre_grp_fu_605_p2_reg             |  16|   0|   16|          0|
    |pre_grp_fu_609_p2_reg             |  16|   0|   16|          0|
    |pre_grp_fu_613_p2_reg             |  16|   0|   16|          0|
    |pre_grp_fu_617_p2_reg             |  16|   0|   16|          0|
    |pre_grp_fu_621_p2_reg             |  16|   0|   16|          0|
    |pre_grp_fu_625_p2_reg             |  16|   0|   16|          0|
    |pre_grp_fu_629_p2_reg             |  16|   0|   16|          0|
    |pre_grp_fu_633_p2_reg             |  16|   0|   16|          0|
    |pre_grp_fu_637_p2_reg             |  16|   0|   16|          0|
    |pre_grp_fu_641_p2_reg             |  16|   0|   16|          0|
    |pre_grp_fu_645_p2_reg             |  16|   0|   16|          0|
    |pre_grp_fu_649_p2_reg             |  16|   0|   16|          0|
    |pre_grp_fu_653_p2_reg             |  16|   0|   16|          0|
    |pre_grp_fu_657_p2_reg             |  16|   0|   16|          0|
    |pre_grp_fu_661_p2_reg             |  16|   0|   16|          0|
    |pre_grp_fu_665_p2_reg             |  16|   0|   16|          0|
    |pre_grp_fu_669_p2_reg             |  16|   0|   16|          0|
    |pre_grp_fu_673_p2_reg             |  16|   0|   16|          0|
    |pre_grp_fu_677_p2_reg             |  16|   0|   16|          0|
    |pre_grp_fu_681_p2_reg             |  16|   0|   16|          0|
    |pre_grp_fu_685_p2_reg             |  16|   0|   16|          0|
    |pre_grp_fu_689_p2_reg             |  16|   0|   16|          0|
    |pre_grp_fu_693_p2_reg             |  16|   0|   16|          0|
    |pre_grp_fu_697_p2_reg             |  16|   0|   16|          0|
    |pre_grp_fu_701_p2_reg             |  16|   0|   16|          0|
    |pre_grp_fu_705_p2_reg             |  16|   0|   16|          0|
    |pre_grp_fu_709_p2_reg             |  16|   0|   16|          0|
    |pre_grp_fu_713_p2_reg             |  16|   0|   16|          0|
    |pre_grp_fu_717_p2_reg             |  16|   0|   16|          0|
    |pre_grp_fu_721_p2_reg             |  16|   0|   16|          0|
    |pre_grp_fu_725_p2_reg             |  16|   0|   16|          0|
    |pre_grp_fu_729_p2_reg             |  16|   0|   16|          0|
    |pre_grp_fu_733_p2_reg             |  16|   0|   16|          0|
    |pre_grp_fu_737_p2_reg             |  16|   0|   16|          0|
    |pre_grp_fu_741_p2_reg             |  16|   0|   16|          0|
    |pre_grp_fu_745_p2_reg             |  16|   0|   16|          0|
    |pre_grp_fu_749_p2_reg             |  16|   0|   16|          0|
    |pre_grp_fu_753_p2_reg             |  16|   0|   16|          0|
    |pre_grp_fu_757_p2_reg             |  16|   0|   16|          0|
    |pre_grp_fu_761_p2_reg             |  16|   0|   16|          0|
    |pre_grp_fu_765_p2_reg             |  16|   0|   16|          0|
    |pre_grp_fu_769_p2_reg             |  16|   0|   16|          0|
    |pre_grp_fu_773_p2_reg             |  16|   0|   16|          0|
    |pre_grp_fu_777_p2_reg             |  16|   0|   16|          0|
    |pre_grp_fu_781_p2_reg             |  16|   0|   16|          0|
    |pre_grp_fu_785_p2_reg             |  16|   0|   16|          0|
    |pre_grp_fu_789_p2_reg             |  16|   0|   16|          0|
    |pre_grp_fu_793_p2_reg             |  16|   0|   16|          0|
    |pre_grp_fu_797_p2_reg             |  16|   0|   16|          0|
    |pre_grp_fu_801_p2_reg             |  16|   0|   16|          0|
    |pre_grp_fu_805_p2_reg             |  16|   0|   16|          0|
    |pre_grp_fu_809_p2_reg             |  16|   0|   16|          0|
    |pre_grp_fu_813_p2_reg             |  16|   0|   16|          0|
    |pre_grp_fu_817_p2_reg             |  16|   0|   16|          0|
    |pre_grp_fu_821_p2_reg             |  16|   0|   16|          0|
    |pre_grp_fu_825_p2_reg             |  16|   0|   16|          0|
    |pre_grp_fu_829_p2_reg             |  16|   0|   16|          0|
    |pre_grp_fu_833_p2_reg             |  16|   0|   16|          0|
    +----------------------------------+----+----+-----+-----------+
    |Total                             |3167|   0| 3167|          0|
    +----------------------------------+----+----+-----+-----------+



================================================================
== Interface
================================================================
* Summary: 
+---------------------------+-----+------+------------+--------------------------------------------------------------------+--------------+
|         RTL Ports         | Dir | Bits |  Protocol  |                            Source Object                           |    C Type    |
+---------------------------+-----+------+------------+--------------------------------------------------------------------+--------------+
|ap_clk                     |   in|     1|  ap_ctrl_hs|  Mul_Adder_Tree_128_Loop_adder_128_64_proc.18_Pipeline_adder_128_64|  return value|
|ap_rst                     |   in|     1|  ap_ctrl_hs|  Mul_Adder_Tree_128_Loop_adder_128_64_proc.18_Pipeline_adder_128_64|  return value|
|ap_start                   |   in|     1|  ap_ctrl_hs|  Mul_Adder_Tree_128_Loop_adder_128_64_proc.18_Pipeline_adder_128_64|  return value|
|ap_done                    |  out|     1|  ap_ctrl_hs|  Mul_Adder_Tree_128_Loop_adder_128_64_proc.18_Pipeline_adder_128_64|  return value|
|ap_idle                    |  out|     1|  ap_ctrl_hs|  Mul_Adder_Tree_128_Loop_adder_128_64_proc.18_Pipeline_adder_128_64|  return value|
|ap_ready                   |  out|     1|  ap_ctrl_hs|  Mul_Adder_Tree_128_Loop_adder_128_64_proc.18_Pipeline_adder_128_64|  return value|
|pass_128_i_dout            |   in|  2048|     ap_fifo|                                                          pass_128_i|       pointer|
|pass_128_i_empty_n         |   in|     1|     ap_fifo|                                                          pass_128_i|       pointer|
|pass_128_i_read            |  out|     1|     ap_fifo|                                                          pass_128_i|       pointer|
|pass_128_i_num_data_valid  |   in|     3|     ap_fifo|                                                          pass_128_i|       pointer|
|pass_128_i_fifo_cap        |   in|     3|     ap_fifo|                                                          pass_128_i|       pointer|
|pass_64_i_din              |  out|  1024|     ap_fifo|                                                           pass_64_i|       pointer|
|pass_64_i_full_n           |   in|     1|     ap_fifo|                                                           pass_64_i|       pointer|
|pass_64_i_write            |  out|     1|     ap_fifo|                                                           pass_64_i|       pointer|
|pass_64_i_num_data_valid   |   in|    32|     ap_fifo|                                                           pass_64_i|       pointer|
|pass_64_i_fifo_cap         |   in|    32|     ap_fifo|                                                           pass_64_i|       pointer|
|select_ln59                |   in|    23|     ap_none|                                                         select_ln59|        scalar|
+---------------------------+-----+------+------------+--------------------------------------------------------------------+--------------+

