

================================================================
== Synthesis Summary Report of 'Softmax'
================================================================
+ General Information: 
    * Date:           Sun Dec 21 23:34:18 2025
    * Version:        2025.1.1 (Build 6214317 on Sep 11 2025)
    * Project:        Hybrid_Model_test
    * Solution:       hls (Vivado IP Flow Target)
    * Product family: versalhbm
    * Target device:  xcv80-lsva4737-2MHP-e-S
    

+ Performance & Resource Estimates: 
    
    PS: '+' for module; 'o' for loop; '*' for dataflow
    +--------------------------------------------------------+------+------+---------+-----------+----------+---------+------+----------+------+---------+------------+------------+---------+
    |                         Modules                        | Issue|      |       Latency       | Iteration|         | Trip |          |      |         |            |            |         |
    |                         & Loops                        | Type | Slack| (cycles)|    (ns)   |  Latency | Interval| Count| Pipelined| BRAM |   DSP   |     FF     |     LUT    |   URAM  |
    +--------------------------------------------------------+------+------+---------+-----------+----------+---------+------+----------+------+---------+------------+------------+---------+
    |+ Softmax*                                              |     -|  0.00|    28759|  1.438e+05|         -|    16450|     -|  dataflow|     -|  3 (~0%)|  1068 (~0%)|  3745 (~0%)|  2 (~0%)|
    | + Loop_max_value_proc                                  |     -|  0.92|    16405|  8.202e+04|         -|    16405|     -|        no|     -|        -|    92 (~0%)|   179 (~0%)|        -|
    |  o max_value                                           |     -|  3.65|    16404|  8.202e+04|      4101|        -|     4|        no|     -|        -|           -|           -|        -|
    |   + Loop_max_value_proc_Pipeline_VITIS_LOOP_41_1       |     -|  0.92|     4098|  2.049e+04|         -|     4097|     -|    rewind|     -|        -|    50 (~0%)|   153 (~0%)|        -|
    |    o VITIS_LOOP_41_1                                   |     -|  3.65|     4096|  2.048e+04|         2|        1|  4096|       yes|     -|        -|           -|           -|        -|
    | + Loop_sub_max_proc                                    |     -|  0.00|    16449|  8.224e+04|         -|    16449|     -|        no|     -|  2 (~0%)|   499 (~0%)|  2643 (~0%)|        -|
    |  o sub_max                                             |     -|  3.65|    16448|  8.224e+04|      4112|        -|     4|        no|     -|        -|           -|           -|        -|
    |   + Loop_sub_max_proc_Pipeline_VITIS_LOOP_57_2         |     -|  0.00|     4107|  2.054e+04|         -|     4097|     -|    rewind|     -|  2 (~0%)|   384 (~0%)|  2054 (~0%)|        -|
    |    o VITIS_LOOP_57_2                                   |     -|  3.65|     4105|  2.052e+04|        11|        1|  4096|       yes|     -|        -|           -|           -|        -|
    | + Loop_divide_proc                                     |     -|  0.04|       11|     55.000|         -|        4|     -|    rewind|     -|        -|    16 (~0%)|    35 (~0%)|        -|
    |  o divide                                              |     -|  3.65|        9|     45.000|         7|        1|     4|       yes|     -|        -|           -|           -|        -|
    | + Loop_softmax_output_proc                             |     -|  0.42|    16410|  8.205e+04|         -|    16410|     -|        no|     -|  1 (~0%)|   143 (~0%)|   221 (~0%)|        -|
    |  o softmax_output                                      |     -|  3.65|    16408|  8.204e+04|      4102|        -|     4|        no|     -|        -|           -|           -|        -|
    |   + Loop_softmax_output_proc_Pipeline_VITIS_LOOP_86_3  |     -|  0.42|     4100|  2.050e+04|         -|     4097|     -|    rewind|     -|  1 (~0%)|    70 (~0%)|   177 (~0%)|        -|
    |    o VITIS_LOOP_86_3                                   |     -|  3.65|     4098|  2.049e+04|         4|        1|  4096|       yes|     -|        -|           -|           -|        -|
    +--------------------------------------------------------+------+------+---------+-----------+----------+---------+------+----------+------+---------+------------+------------+---------+


================================================================
== HW Interfaces
================================================================
* S_AXILITE Interfaces
+----------------+------------+---------------+--------+----------+
| Interface      | Data Width | Address Width | Offset | Register |
+----------------+------------+---------------+--------+----------+
| s_axi_CTRL_BUS | 32         | 5             | 16     | 0        |
+----------------+------------+---------------+--------+----------+

* S_AXILITE Registers
+----------------+----------+--------+-------+--------+------------------------+
| Interface      | Register | Offset | Width | Access | Description            |
+----------------+----------+--------+-------+--------+------------------------+
| s_axi_CTRL_BUS | seq_len  | 0x10   | 32    | W      | Data signal of seq_len |
+----------------+----------+--------+-------+--------+------------------------+

* AXIS
+------------+-----------+---------------+-------+--------+--------+
| Interface  | Direction | Register Mode | TDATA | TREADY | TVALID |
+------------+-----------+---------------+-------+--------+--------+
| in_stream  | in        | both          | 16    | 1      | 1      |
| out_stream | out       | both          | 16    | 1      | 1      |
+------------+-----------+---------------+-------+--------+--------+

* TOP LEVEL CONTROL
+-----------+------------+-----------------------------------+
| Interface | Type       | Ports                             |
+-----------+------------+-----------------------------------+
| ap_clk    | clock      | ap_clk                            |
| ap_rst_n  | reset      | ap_rst_n                          |
| ap_ctrl   | ap_ctrl_hs | ap_done ap_idle ap_ready ap_start |
+-----------+------------+-----------------------------------+


================================================================
== SW I/O Information
================================================================
* Top Function Arguments
+------------+-----------+--------------------+
| Argument   | Direction | Datatype           |
+------------+-----------+--------------------+
| in_stream  | in        | stream<__fp16, 0>& |
| out_stream | out       | stream<__fp16, 0>& |
| seq_len    | in        | int const          |
+------------+-----------+--------------------+

* SW-to-HW Mapping
+------------+----------------+-----------+-----------------------------------+
| Argument   | HW Interface   | HW Type   | HW Info                           |
+------------+----------------+-----------+-----------------------------------+
| in_stream  | in_stream      | interface |                                   |
| out_stream | out_stream     | interface |                                   |
| seq_len    | s_axi_CTRL_BUS | register  | name=seq_len offset=0x10 range=32 |
+------------+----------------+-----------+-----------------------------------+


================================================================
== Bind Op Report
================================================================
+-------------------------------------------------------+-----+--------+----------------------+-----------+------------------------+---------+
| Name                                                  | DSP | Pragma | Variable             | Op        | Impl                   | Latency |
+-------------------------------------------------------+-----+--------+----------------------+-----------+------------------------+---------+
| + Softmax                                             | 3   |        |                      |           |                        |         |
|  + Loop_max_value_proc                                | 0   |        |                      |           |                        |         |
|    head_6_fu_123_p2                                   |     |        | head_6               | add       | fabric                 | 0       |
|    icmp_ln38_fu_129_p2                                |     |        | icmp_ln38            | seteq     | auto                   | 0       |
|   + Loop_max_value_proc_Pipeline_VITIS_LOOP_41_1      | 0   |        |                      |           |                        |         |
|     add_ln41_fu_108_p2                                |     |        | add_ln41             | add       | fabric                 | 0       |
|     icmp_ln41_fu_118_p2                               |     |        | icmp_ln41            | setlt     | auto                   | 0       |
|     hcmp_16ns_16ns_1_1_no_dsp_1_U1                    |     |        | cmp_i                | hcmp      | auto                   | 0       |
|     max_val_fu_146_p3                                 |     |        | max_val              | select    | auto_sel               | 0       |
|  + Loop_sub_max_proc                                  | 2   |        |                      |           |                        |         |
|    head_2_fu_186_p2                                   |     |        | head_2               | add       | fabric                 | 0       |
|    icmp_ln52_fu_192_p2                                |     |        | icmp_ln52            | seteq     | auto                   | 0       |
|    icmp_ln70_fu_239_p2                                |     |        | icmp_ln70            | seteq     | auto                   | 0       |
|    sub_ln70_fu_253_p2                                 |     |        | sub_ln70             | sub       | fabric                 | 0       |
|    tmp_6_fu_267_p1                                    |     |        | select_ln70          | select    | auto_sel               | 0       |
|    ctlz_32_32_1_1_U36                                 |     |        | tmp_6                | ctlz      | auto                   | 0       |
|    sub_ln70_1_fu_282_p2                               |     |        | sub_ln70_1           | sub       | fabric                 | 0       |
|    add_ln70_fu_292_p2                                 |     |        | add_ln70             | add       | fabric                 | 0       |
|    icmp_ln70_1_fu_312_p2                              |     |        | icmp_ln70_1          | setgt     | auto                   | 0       |
|    sub_ln70_4_fu_318_p2                               |     |        | sub_ln70_4           | sub       | fabric                 | 0       |
|    lshr_ln70_2_fu_328_p2                              |     |        | lshr_ln70_2          | lshr      | auto_pipe              | 0       |
|    and_ln70_fu_334_p2                                 |     |        | and_ln70             | and       | auto                   | 0       |
|    icmp_ln70_2_fu_339_p2                              |     |        | icmp_ln70_2          | setne     | auto                   | 0       |
|    phi_ln70_fu_345_p2                                 |     |        | phi_ln70             | and       | auto                   | 0       |
|    xor_ln70_fu_359_p2                                 |     |        | xor_ln70             | xor       | auto                   | 0       |
|    bitselect_1ns_32ns_5ns_1_1_1_U37                   |     |        | tmp_16               | bitselect | auto                   | 0       |
|    phi_ln70_1_fu_372_p2                               |     |        | phi_ln70_1           | and       | auto                   | 0       |
|    or_ln70_fu_378_p2                                  |     |        | or_ln70              | or        | auto                   | 0       |
|    icmp_ln70_3_fu_388_p2                              |     |        | icmp_ln70_3          | setgt     | auto                   | 0       |
|    add_ln70_1_fu_394_p2                               |     |        | add_ln70_1           | add       | fabric                 | 0       |
|    lshr_ln70_fu_404_p2                                |     |        | lshr_ln70            | lshr      | auto_pipe              | 0       |
|    sub_ln70_2_fu_409_p2                               |     |        | sub_ln70_2           | sub       | fabric                 | 0       |
|    shl_ln70_fu_419_p2                                 |     |        | shl_ln70             | shl       | auto_pipe              | 0       |
|    select_ln70_1_fu_432_p3                            |     |        | select_ln70_1        | select    | auto_sel               | 0       |
|    add_ln70_2_fu_440_p2                               |     |        | add_ln70_2           | add       | fabric                 | 0       |
|    select_ln70_2_fu_467_p3                            |     |        | select_ln70_2        | select    | auto_sel               | 0       |
|    empty_fu_504_p3                                    |     |        | empty                | select    | auto_sel               | 0       |
|   + Loop_sub_max_proc_Pipeline_VITIS_LOOP_57_2        | 2   |        |                      |           |                        |         |
|     add_ln57_fu_212_p2                                |     |        | add_ln57             | add       | fabric                 | 0       |
|     icmp_ln57_fu_222_p2                               |     |        | icmp_ln57            | setlt     | auto                   | 0       |
|     hsub_16ns_16ns_16_3_no_dsp_1_U14                  |     |        | sub_val              | hsub      | fabric                 | 2       |
|     hexp_16ns_16ns_16_3_full_dsp_1_U16                | 2   |        | tmp                  | hexp      | fulldsp                | 2       |
|     hadd_16ns_16ns_16_3_no_dsp_1_U13                  |     |        | exp_val              | hadd      | fabric                 | 2       |
|     hptodp_16ns_64_1_no_dsp_1_U15                     |     |        | pf                   | hptodp    | auto                   | 0       |
|     sub_ln67_fu_309_p2                                |     |        | sub_ln67             | sub       | fabric                 | 0       |
|     select_ln67_fu_315_p3                             |     |        | select_ln67          | select    | auto_sel               | 0       |
|     icmp_ln67_fu_323_p2                               |     |        | icmp_ln67            | seteq     | auto                   | 0       |
|     sub_ln67_1_fu_329_p2                              |     |        | sub_ln67_1           | sub       | fabric                 | 0       |
|     icmp_ln67_1_fu_343_p2                             |     |        | icmp_ln67_1          | setgt     | auto                   | 0       |
|     add_ln67_fu_349_p2                                |     |        | add_ln67             | add       | fabric                 | 0       |
|     sub_ln67_2_fu_359_p2                              |     |        | sub_ln67_2           | sub       | fabric                 | 0       |
|     select_ln67_1_fu_365_p3                           |     |        | select_ln67_1        | select    | auto_sel               | 0       |
|     icmp_ln67_2_fu_503_p2                             |     |        | icmp_ln67_2          | seteq     | auto                   | 0       |
|     icmp_ln67_3_fu_508_p2                             |     |        | icmp_ln67_3          | setlt     | auto                   | 0       |
|     select_ln67_8_fu_513_p3                           |     |        | select_ln67_8        | select    | auto_sel               | 0       |
|     ashr_ln67_fu_523_p2                               |     |        | ashr_ln67            | ashr      | auto_pipe              | 0       |
|     select_ln67_2_fu_532_p3                           |     |        | select_ln67_2        | select    | auto_sel               | 0       |
|     icmp_ln67_4_fu_377_p2                             |     |        | icmp_ln67_4          | setgt     | auto                   | 0       |
|     icmp_ln67_5_fu_393_p2                             |     |        | icmp_ln67_5          | seteq     | auto                   | 0       |
|     shl_ln67_fu_540_p2                                |     |        | shl_ln67             | shl       | auto_pipe              | 0       |
|     ref_tmp_i_i_fu_608_p6                             |     |        | select_ln67_3        | select    | auto_sel               | 0       |
|     tmp_4_fu_405_p2                                   |     |        | add_ln67_1           | add       | fabric                 | 0       |
|     bitselect_1ns_54ns_6ns_1_1_1_U17                  |     |        | tmp_4                | bitselect | auto                   | 0       |
|     cond63_i_fu_552_p3                                |     |        | cond63_i             | select    | auto_sel               | 0       |
|     add_ln67_2_fu_569_p2                              |     |        | add_ln67_2           | add       | fabric                 | 0       |
|     xor_ln67_fu_583_p2                                |     |        | xor_ln67             | xor       | auto                   | 0       |
|     xor_ln67_2_fu_589_p2                              |     |        | xor_ln67_2           | xor       | auto                   | 0       |
|     and_ln67_10_fu_595_p2                             |     |        | and_ln67_10          | and       | auto                   | 0       |
|     sparsemux_7_2_32_1_1_U19                          |     |        | ref_tmp_i_i          | sparsemux | onehotencoding_realdef | 0       |
|     and_ln67_11_fu_627_p2                             |     |        | and_ln67_11          | and       | auto                   | 0       |
|     carry_1_i_fu_633_p2                               |     |        | carry_1_i            | and       | auto                   | 0       |
|     add_ln67_3_fu_425_p2                              |     |        | add_ln67_3           | add       | fabric                 | 0       |
|     icmp_ln67_6_fu_441_p2                             |     |        | icmp_ln67_6          | setgt     | auto                   | 0       |
|     add_ln67_4_fu_447_p2                              |     |        | add_ln67_4           | add       | fabric                 | 0       |
|     add_ln67_5_fu_639_p2                              |     |        | add_ln67_5           | add       | fabric                 | 0       |
|     icmp_ln67_7_fu_457_p2                             |     |        | icmp_ln67_7          | setlt     | auto                   | 0       |
|     xor_ln67_11_fu_652_p2                             |     |        | xor_ln67_11          | xor       | auto                   | 0       |
|     icmp_ln67_8_fu_471_p2                             |     |        | icmp_ln67_8          | setlt     | auto                   | 0       |
|     bitselect_1ns_54ns_6ns_1_1_1_U18                  |     |        | tobool130_i          | bitselect | auto                   | 0       |
|     lD_0_i_fu_485_p2                                  |     |        | lD_0_i               | and       | auto                   | 0       |
|     icmp_ln67_9_fu_657_p2                             |     |        | icmp_ln67_9          | setlt     | auto                   | 0       |
|     icmp_ln67_10_fu_663_p2                            |     |        | icmp_ln67_10         | setlt     | auto                   | 0       |
|     neg_src_0_i_fu_885_p2                             |     |        | and_ln67             | and       | auto                   | 0       |
|     lshr_ln67_fu_677_p2                               |     |        | lshr_ln67            | lshr      | auto_pipe              | 0       |
|     lshr_ln67_1_fu_682_p2                             |     |        | lshr_ln67_1          | lshr      | auto_pipe              | 0       |
|     icmp_ln67_11_fu_688_p2                            |     |        | icmp_ln67_11         | seteq     | auto                   | 0       |
|     xor_ln67_12_fu_702_p2                             |     |        | xor_ln67_12          | xor       | auto                   | 0       |
|     Range2_all_ones_1_i_fu_708_p3                     |     |        | Range2_all_ones_1_i  | select    | auto_sel               | 0       |
|     and_ln67_1_fu_716_p2                              |     |        | and_ln67_1           | and       | auto                   | 0       |
|     Range1_all_ones_2_i_fu_786_p2                     |     |        | and_ln67_2           | and       | auto                   | 0       |
|     xor_ln67_1_fu_727_p2                              |     |        | xor_ln67_1           | xor       | auto                   | 0       |
|     icmp_ln67_12_fu_732_p2                            |     |        | icmp_ln67_12         | seteq     | auto                   | 0       |
|     Range1_all_zeros_2_i_fu_805_p2                    |     |        | and_ln67_3           | and       | auto                   | 0       |
|     icmp_ln67_13_fu_744_p2                            |     |        | icmp_ln67_13         | seteq     | auto                   | 0       |
|     icmp_ln67_14_fu_750_p2                            |     |        | icmp_ln67_14         | seteq     | auto                   | 0       |
|     Range1_all_zeros_2_i_fu_805_p6                    |     |        | or_ln67              | or        | auto                   | 0       |
|     xor_ln67_13_fu_761_p2                             |     |        | xor_ln67_13          | xor       | auto                   | 0       |
|     or_ln67_5_fu_767_p2                               |     |        | or_ln67_5            | or        | auto                   | 0       |
|     and_ln67_12_fu_772_p2                             |     |        | and_ln67_12          | and       | auto                   | 0       |
|     sparsemux_7_2_1_1_1_U20                           |     |        | Range1_all_ones_2_i  | sparsemux | onehotencoding_realdef | 0       |
|     sparsemux_7_2_1_1_1_U21                           |     |        | Range1_all_zeros_2_i | sparsemux | onehotencoding_realdef | 0       |
|     select_ln67_4_fu_832_p3                           |     |        | select_ln67_4        | select    | auto_sel               | 0       |
|     or_ln67_1_fu_837_p2                               |     |        | or_ln67_1            | or        | auto                   | 0       |
|     and_ln67_4_fu_841_p2                              |     |        | and_ln67_4           | and       | auto                   | 0       |
|     cond189_i_fu_846_p3                               |     |        | cond189_i            | select    | auto_sel               | 0       |
|     and_ln67_5_fu_852_p2                              |     |        | and_ln67_5           | and       | auto                   | 0       |
|     neg_src_0_i_fu_885_p4                             |     |        | xor_ln67_4           | xor       | auto                   | 0       |
|     not_icmp_ln67_753_fu_862_p2                       |     |        | not_icmp_ln67_753    | xor       | auto                   | 0       |
|     deleted_ones_0_i_fu_867_p2                        |     |        | deleted_ones_0_i     | or        | auto                   | 0       |
|     and_ln67_13_fu_873_p2                             |     |        | and_ln67_13          | and       | auto                   | 0       |
|     sparsemux_7_2_1_1_1_U22                           |     |        | neg_src_0_i          | sparsemux | onehotencoding_realdef | 0       |
|     xor_ln67_5_fu_905_p2                              |     |        | xor_ln67_5           | xor       | auto                   | 0       |
|     and_ln67_14_fu_911_p2                             |     |        | and_ln67_14          | and       | auto                   | 0       |
|     or_ln67_2_fu_916_p2                               |     |        | or_ln67_2            | or        | auto                   | 0       |
|     xor_ln67_6_fu_921_p2                              |     |        | xor_ln67_6           | xor       | auto                   | 0       |
|     and_ln67_6_fu_926_p2                              |     |        | and_ln67_6           | and       | auto                   | 0       |
|     and_ln67_7_fu_932_p2                              |     |        | and_ln67_7           | and       | auto                   | 0       |
|     xor_ln67_7_fu_937_p2                              |     |        | xor_ln67_7           | xor       | auto                   | 0       |
|     and_ln67_8_fu_943_p2                              |     |        | and_ln67_8           | and       | auto                   | 0       |
|     or_ln67_3_fu_949_p2                               |     |        | or_ln67_3            | or        | auto                   | 0       |
|     ref_tmp_i_i_4_fu_986_p4                           |     |        | select_ln67_5        | select    | auto_sel               | 0       |
|     xor_ln67_10_fu_963_p2                             |     |        | xor_ln67_10          | xor       | auto                   | 0       |
|     and_ln67_15_fu_968_p2                             |     |        | and_ln67_15          | and       | auto                   | 0       |
|     and_ln67_16_fu_973_p2                             |     |        | and_ln67_16          | and       | auto                   | 0       |
|     sparsemux_7_2_32_1_1_U23                          |     |        | ref_tmp_i_i_4        | sparsemux | onehotencoding_realdef | 0       |
|     add_ln67_6_fu_1013_p2                             |     |        | add_ln67_6           | add       | fabric                 | 0       |
|     add_ln67_7_fu_1019_p2                             |     |        | add_ln67_7           | add       | fabric                 | 0       |
|     xor_ln67_8_fu_1041_p2                             |     |        | xor_ln67_8           | xor       | auto                   | 0       |
|     and_ln67_9_fu_1047_p2                             |     |        | and_ln67_9           | and       | auto                   | 0       |
|     xor_ln67_9_fu_1053_p2                             |     |        | xor_ln67_9           | xor       | auto                   | 0       |
|     select_ln67_6_fu_1059_p3                          |     |        | select_ln67_6        | select    | auto_sel               | 0       |
|     select_ln67_7_fu_1067_p3                          |     |        | select_ln67_7        | select    | auto_sel               | 0       |
|  + Loop_divide_proc                                   | 0   |        |                      |           |                        |         |
|    head_fu_76_p2                                      |     |        | head                 | add       | fabric                 | 0       |
|    hdiv_16ns_16ns_16_7_no_dsp_1_U46                   |     |        | inv_sum_exp          | hdiv      | fabric                 | 6       |
|    icmp_ln75_fu_97_p2                                 |     |        | icmp_ln75            | seteq     | auto                   | 0       |
|  + Loop_softmax_output_proc                           | 1   |        |                      |           |                        |         |
|    head_4_fu_102_p2                                   |     |        | head_4               | add       | fabric                 | 0       |
|    icmp_ln83_fu_108_p2                                |     |        | icmp_ln83            | seteq     | auto                   | 0       |
|   + Loop_softmax_output_proc_Pipeline_VITIS_LOOP_86_3 | 1   |        |                      |           |                        |         |
|     add_ln86_fu_95_p2                                 |     |        | add_ln86             | add       | fabric                 | 0       |
|     icmp_ln86_fu_105_p2                               |     |        | icmp_ln86            | setlt     | auto                   | 0       |
|     hmul_16ns_16ns_16_1_full_dsp_1_U50                | 1   |        | softmax_val          | hmul      | fulldsp                | 0       |
+-------------------------------------------------------+-----+--------+----------------------+-----------+------------------------+---------+


================================================================
== Storage Report
================================================================
+------------------------+--------------+-------------+------+------+--------+--------------------+------+---------+------------------+
| Name                   | Usage        | Type        | BRAM | URAM | Pragma | Variable           | Impl | Latency | Bitwidth, Depth, |
|                        |              |             |      |      |        |                    |      |         | Banks            |
+------------------------+--------------+-------------+------+------+--------+--------------------+------+---------+------------------+
| + Softmax              |              |             | 0    | 2    |        |                    |      |         |                  |
|   CTRL_BUS_s_axi_U     | interface    | s_axilite   |      |      |        |                    |      |         |                  |
|   max_value_stream_U   | fifo channel | stream      |      |      |        | max_value_stream   | srl  | 0       | 16, 128, 1       |
|   max_bypass_stream_U  | fifo channel | stream      |      | 1    |        | max_bypass_stream  | uram | 0       | 16, 16384, 1     |
|   seq_len_c1_U         | fifo channel | scalar prop |      |      |        | seq_len_c1         | srl  | 0       | 32, 2, 1         |
|   sum_exp_stream_U     | fifo channel | stream      |      |      |        | sum_exp_stream     | srl  | 0       | 16, 128, 1       |
|   exp_bypass_stream_U  | fifo channel | stream      |      | 1    |        | exp_bypass_stream  | uram | 0       | 16, 16384, 1     |
|   seq_len_c_U          | fifo channel | scalar prop |      |      |        | seq_len_c          | srl  | 0       | 32, 3, 1         |
|   inv_sum_exp_stream_U | fifo channel | stream      |      |      |        | inv_sum_exp_stream | srl  | 0       | 16, 128, 1       |
+------------------------+--------------+-------------+------+------+--------+--------------------+------+---------+------------------+


================================================================
== Pragma Report
================================================================
* Pragmas with Warnings
+----------+---------+-------------------------------------------------------------+------------------------------------------------------------------------------------------------------------------------------------------------------------------------------------+
| Type     | Options | Location                                                    | Messages                                                                                                                                                                           |
+----------+---------+-------------------------------------------------------------+------------------------------------------------------------------------------------------------------------------------------------------------------------------------------------+
| DATAFLOW |         | ../src/main/Gemv_Test.cpp:36 in gemv_test                   | Since the only kind of statements allowed in a canonical dataflow region are variable declarations and function calls, the compiler may not be able to correctly handle the region |
| DATAFLOW |         | ../src/main/Mul_Adder_Tree_128.cpp:30 in mul_adder_tree_128 | Since the only kind of statements allowed in a canonical dataflow region are variable declarations and function calls, the compiler may not be able to correctly handle the region |
|          |         |                                                             | There are a total of 8 such instances of non-canonical statements in the dataflow region                                                                                           |
| DATAFLOW |         | ../src/main/SoftMax.cpp:14 in softmax                       | Since the only kind of statements allowed in a canonical dataflow region are variable declarations and function calls, the compiler may not be able to correctly handle the region |
|          |         |                                                             | There are a total of 4 such instances of non-canonical statements in the dataflow region                                                                                           |
+----------+---------+-------------------------------------------------------------+------------------------------------------------------------------------------------------------------------------------------------------------------------------------------------+

* Valid Pragma Syntax
+----------------+------------------------------------------------------+-------------------------------------------------------------------------------+
| Type           | Options                                              | Location                                                                      |
+----------------+------------------------------------------------------+-------------------------------------------------------------------------------+
| LOOP_TRIPCOUNT | min=896 max=896                                      | ../src/main/Accumulator_Quantizer.cpp:12 in accumulator_quantizer             |
| LOOP_TRIPCOUNT | min=28 max=28                                        | ../src/main/Accumulator_Quantizer.cpp:18 in accumulator_quantizer             |
| PIPELINE       | ii=1                                                 | ../src/main/Accumulator_Quantizer.cpp:19 in accumulator_quantizer             |
| BIND_OP        | variable=acc_result op=mul impl=dsp                  | ../src/main/Accumulator_Quantizer.cpp:29 in accumulator_quantizer, acc_result |
| LOOP_TRIPCOUNT | min=896 max=896                                      | ../src/main/Bias_Merger.cpp:15 in bias_merger                                 |
| PIPELINE       | ii=1                                                 | ../src/main/Bias_Merger.cpp:16 in bias_merger                                 |
| UNROLL         |                                                      | ../src/main/Bias_Merger.cpp:20 in bias_merger                                 |
| STREAM         | variable=dispacher depth=2                           | ../src/main/Gemv_Test.cpp:40 in gemv_test, dispacher                          |
| BIND_STORAGE   | variable=dispacher type=fifo impl=srl                | ../src/main/Gemv_Test.cpp:41 in gemv_test, dispacher                          |
| STREAM         | variable=weight_streams depth=2                      | ../src/main/Gemv_Test.cpp:44 in gemv_test, weight_streams                     |
| BIND_STORAGE   | variable=weight_streams type=fifo impl=srl           | ../src/main/Gemv_Test.cpp:45 in gemv_test, weight_streams                     |
| STREAM         | variable=adder_tree_output depth=2                   | ../src/main/Gemv_Test.cpp:48 in gemv_test, adder_tree_output                  |
| BIND_STORAGE   | variable=adder_tree_output type=fifo impl=srl        | ../src/main/Gemv_Test.cpp:49 in gemv_test, adder_tree_output                  |
| STREAM         | variable=scale_dispacher depth=2                     | ../src/main/Gemv_Test.cpp:52 in gemv_test, scale_dispacher                    |
| BIND_STORAGE   | variable=scale_dispacher type=fifo impl=srl          | ../src/main/Gemv_Test.cpp:53 in gemv_test, scale_dispacher                    |
| STREAM         | variable=dequantized_output depth=2                  | ../src/main/Gemv_Test.cpp:56 in gemv_test, dequantized_output                 |
| BIND_STORAGE   | variable=dequantized_output type=fifo impl=srl       | ../src/main/Gemv_Test.cpp:57 in gemv_test, dequantized_output                 |
| UNROLL         |                                                      | ../src/main/Gemv_Test.cpp:77 in gemv_test                                     |
| STREAM         | variable=pass_128 depth=2                            | ../src/main/Mul_Adder_Tree_128.cpp:33 in mul_adder_tree_128, pass_128         |
| BIND_STORAGE   | variable = pass_128 type = fifo impl = srl           | ../src/main/Mul_Adder_Tree_128.cpp:34 in mul_adder_tree_128                   |
| STREAM         | variable=pass_64 depth=2                             | ../src/main/Mul_Adder_Tree_128.cpp:37 in mul_adder_tree_128, pass_64          |
| BIND_STORAGE   | variable = pass_64 type = fifo impl = srl            | ../src/main/Mul_Adder_Tree_128.cpp:38 in mul_adder_tree_128                   |
| STREAM         | variable=pass_32 depth=2                             | ../src/main/Mul_Adder_Tree_128.cpp:41 in mul_adder_tree_128, pass_32          |
| BIND_STORAGE   | variable = pass_32 type = fifo impl = srl            | ../src/main/Mul_Adder_Tree_128.cpp:42 in mul_adder_tree_128                   |
| STREAM         | variable=pass_16 depth=2                             | ../src/main/Mul_Adder_Tree_128.cpp:45 in mul_adder_tree_128, pass_16          |
| BIND_STORAGE   | variable = pass_16 type = fifo impl = srl            | ../src/main/Mul_Adder_Tree_128.cpp:46 in mul_adder_tree_128                   |
| STREAM         | variable=pass_8 depth=2                              | ../src/main/Mul_Adder_Tree_128.cpp:49 in mul_adder_tree_128, pass_8           |
| BIND_STORAGE   | variable = pass_8 type = fifo impl = srl             | ../src/main/Mul_Adder_Tree_128.cpp:50 in mul_adder_tree_128                   |
| STREAM         | variable=pass_4 depth=2                              | ../src/main/Mul_Adder_Tree_128.cpp:53 in mul_adder_tree_128, pass_4           |
| BIND_STORAGE   | variable = pass_4 type = fifo impl = srl             | ../src/main/Mul_Adder_Tree_128.cpp:54 in mul_adder_tree_128                   |
| STREAM         | variable=pass_2 depth=2                              | ../src/main/Mul_Adder_Tree_128.cpp:57 in mul_adder_tree_128, pass_2           |
| BIND_STORAGE   | variable = pass_2 type = fifo impl = srl             | ../src/main/Mul_Adder_Tree_128.cpp:58 in mul_adder_tree_128                   |
| LOOP_TRIPCOUNT | min=25088 max=25088                                  | ../src/main/Mul_Adder_Tree_128.cpp:64 in mul_adder_tree_128                   |
| PIPELINE       | ii=1                                                 | ../src/main/Mul_Adder_Tree_128.cpp:65 in mul_adder_tree_128                   |
| UNROLL         |                                                      | ../src/main/Mul_Adder_Tree_128.cpp:71 in mul_adder_tree_128                   |
| LOOP_TRIPCOUNT | min=25088 max=25088                                  | ../src/main/Mul_Adder_Tree_128.cpp:96 in mul_adder_tree_128                   |
| PIPELINE       | ii=1                                                 | ../src/main/Mul_Adder_Tree_128.cpp:97 in mul_adder_tree_128                   |
| UNROLL         |                                                      | ../src/main/Mul_Adder_Tree_128.cpp:101 in mul_adder_tree_128                  |
| LOOP_TRIPCOUNT | min=25088 max=25088                                  | ../src/main/Mul_Adder_Tree_128.cpp:110 in mul_adder_tree_128                  |
| PIPELINE       | ii=1                                                 | ../src/main/Mul_Adder_Tree_128.cpp:111 in mul_adder_tree_128                  |
| UNROLL         |                                                      | ../src/main/Mul_Adder_Tree_128.cpp:115 in mul_adder_tree_128                  |
| LOOP_TRIPCOUNT | min=25088 max=25088                                  | ../src/main/Mul_Adder_Tree_128.cpp:125 in mul_adder_tree_128                  |
| PIPELINE       | ii=1                                                 | ../src/main/Mul_Adder_Tree_128.cpp:126 in mul_adder_tree_128                  |
| UNROLL         |                                                      | ../src/main/Mul_Adder_Tree_128.cpp:130 in mul_adder_tree_128                  |
| LOOP_TRIPCOUNT | min=25088 max=25088                                  | ../src/main/Mul_Adder_Tree_128.cpp:140 in mul_adder_tree_128                  |
| PIPELINE       | ii=1                                                 | ../src/main/Mul_Adder_Tree_128.cpp:141 in mul_adder_tree_128                  |
| UNROLL         |                                                      | ../src/main/Mul_Adder_Tree_128.cpp:145 in mul_adder_tree_128                  |
| LOOP_TRIPCOUNT | min=25088 max=25088                                  | ../src/main/Mul_Adder_Tree_128.cpp:154 in mul_adder_tree_128                  |
| PIPELINE       | ii=1                                                 | ../src/main/Mul_Adder_Tree_128.cpp:155 in mul_adder_tree_128                  |
| UNROLL         |                                                      | ../src/main/Mul_Adder_Tree_128.cpp:159 in mul_adder_tree_128                  |
| LOOP_TRIPCOUNT | min=25088 max=25088                                  | ../src/main/Mul_Adder_Tree_128.cpp:169 in mul_adder_tree_128                  |
| PIPELINE       | ii=1                                                 | ../src/main/Mul_Adder_Tree_128.cpp:170 in mul_adder_tree_128                  |
| UNROLL         |                                                      | ../src/main/Mul_Adder_Tree_128.cpp:174 in mul_adder_tree_128                  |
| LOOP_TRIPCOUNT | min=25088 max=25088                                  | ../src/main/Mul_Adder_Tree_128.cpp:183 in mul_adder_tree_128                  |
| PIPELINE       | ii=1                                                 | ../src/main/Mul_Adder_Tree_128.cpp:184 in mul_adder_tree_128                  |
| LOOP_TRIPCOUNT | min=6272 max=6272                                    | ../src/main/Scale_Loader_Distributor.cpp:25 in scale_loader_distributor       |
| PIPELINE       | ii=8                                                 | ../src/main/Scale_Loader_Distributor.cpp:26 in scale_loader_distributor       |
| UNROLL         |                                                      | ../src/main/Scale_Loader_Distributor.cpp:30 in scale_loader_distributor       |
| UNROLL         |                                                      | ../src/main/Scale_Loader_Distributor.cpp:33 in scale_loader_distributor       |
| INTERFACE      | axis port=in_stream depth=16384                      | ../src/main/SoftMax.cpp:9 in softmax, in_stream                               |
| INTERFACE      | axis port=out_stream depth=16384                     | ../src/main/SoftMax.cpp:10 in softmax, out_stream                             |
| INTERFACE      | s_axilite port=seq_len bundle=CTRL_BUS               | ../src/main/SoftMax.cpp:11 in softmax, seq_len                                |
| STREAM         | variable=max_value_stream depth=128                  | ../src/main/SoftMax.cpp:17 in softmax, max_value_stream                       |
| BIND_STORAGE   | variable = max_value_stream type = fifo impl = srl   | ../src/main/SoftMax.cpp:18 in softmax                                         |
| STREAM         | variable=sum_exp_stream depth=128                    | ../src/main/SoftMax.cpp:21 in softmax, sum_exp_stream                         |
| BIND_STORAGE   | variable = sum_exp_stream type = fifo impl = srl     | ../src/main/SoftMax.cpp:22 in softmax                                         |
| STREAM         | variable=inv_sum_exp_stream depth=128                | ../src/main/SoftMax.cpp:25 in softmax, inv_sum_exp_stream                     |
| BIND_STORAGE   | variable = inv_sum_exp_stream type = fifo impl = srl | ../src/main/SoftMax.cpp:26 in softmax                                         |
| STREAM         | variable=max_bypass_stream depth=16384               | ../src/main/SoftMax.cpp:29 in softmax, max_bypass_stream                      |
| BIND_STORAGE   | variable = max_bypass_stream type = fifo impl = uram | ../src/main/SoftMax.cpp:30 in softmax                                         |
| STREAM         | variable=exp_bypass_stream depth=16384               | ../src/main/SoftMax.cpp:33 in softmax, exp_bypass_stream                      |
| BIND_STORAGE   | variable = exp_bypass_stream type = fifo impl = uram | ../src/main/SoftMax.cpp:34 in softmax                                         |
| LOOP_TRIPCOUNT | min=4 max=4                                          | ../src/main/SoftMax.cpp:39 in softmax                                         |
| LOOP_TRIPCOUNT | min=4096 max=4096                                    | ../src/main/SoftMax.cpp:42 in softmax                                         |
| PIPELINE       | ii=1                                                 | ../src/main/SoftMax.cpp:43 in softmax                                         |
| LOOP_TRIPCOUNT | min=4 max=4                                          | ../src/main/SoftMax.cpp:53 in softmax                                         |
| LOOP_TRIPCOUNT | min=4096 max=4096                                    | ../src/main/SoftMax.cpp:58 in softmax                                         |
| PIPELINE       | ii=1                                                 | ../src/main/SoftMax.cpp:59 in softmax                                         |
| LOOP_TRIPCOUNT | min=4 max=4                                          | ../src/main/SoftMax.cpp:76 in softmax                                         |
| LOOP_TRIPCOUNT | min=4 max=4                                          | ../src/main/SoftMax.cpp:84 in softmax                                         |
| LOOP_TRIPCOUNT | min=4096 max=4096                                    | ../src/main/SoftMax.cpp:87 in softmax                                         |
| PIPELINE       | ii=1                                                 | ../src/main/SoftMax.cpp:88 in softmax                                         |
| LOOP_TRIPCOUNT | min=896 max=896                                      | ../src/main/Stream_Copy.cpp:12 in stream_copy                                 |
| LOOP_TRIPCOUNT | min=28 max=28                                        | ../src/main/Stream_Copy.cpp:15 in stream_copy                                 |
| PIPELINE       | ii=1                                                 | ../src/main/Stream_Copy.cpp:16 in stream_copy                                 |
| UNROLL         |                                                      | ../src/main/Stream_Copy.cpp:23 in stream_copy                                 |
| UNROLL         |                                                      | ../src/main/Stream_Copy.cpp:28 in stream_copy                                 |
| LOOP_TRIPCOUNT | min=25088 max=25088                                  | ../src/main/Weight_Loader.cpp:10 in weight_loader                             |
| PIPELINE       | ii=1                                                 | ../src/main/Weight_Loader.cpp:11 in weight_loader                             |
+----------------+------------------------------------------------------+-------------------------------------------------------------------------------+


